Archive member included to satisfy reference by file (symbol)

C:/ST/STM32CubeIDE_1.15.0/STM32CubeIDE/plugins/com.st.stm32cube.ide.mcu.externaltools.gnu-tools-for-stm32.12.3.rel1.win32_1.0.100.202403111256/tools/bin/../lib/gcc/arm-none-eabi/12.3.1/../../../../arm-none-eabi/lib/thumb/v6-m/nofp\libc_nano.a(libc_a-exit.o)
                              C:/ST/STM32CubeIDE_1.15.0/STM32CubeIDE/plugins/com.st.stm32cube.ide.mcu.externaltools.gnu-tools-for-stm32.12.3.rel1.win32_1.0.100.202403111256/tools/bin/../lib/gcc/arm-none-eabi/12.3.1/../../../../arm-none-eabi/lib/thumb/v6-m/nofp/crt0.o (exit)
C:/ST/STM32CubeIDE_1.15.0/STM32CubeIDE/plugins/com.st.stm32cube.ide.mcu.externaltools.gnu-tools-for-stm32.12.3.rel1.win32_1.0.100.202403111256/tools/bin/../lib/gcc/arm-none-eabi/12.3.1/../../../../arm-none-eabi/lib/thumb/v6-m/nofp\libc_nano.a(libc_a-findfp.o)
                              C:/ST/STM32CubeIDE_1.15.0/STM32CubeIDE/plugins/com.st.stm32cube.ide.mcu.externaltools.gnu-tools-for-stm32.12.3.rel1.win32_1.0.100.202403111256/tools/bin/../lib/gcc/arm-none-eabi/12.3.1/../../../../arm-none-eabi/lib/thumb/v6-m/nofp\libc_nano.a(libc_a-exit.o) (__stdio_exit_handler)
C:/ST/STM32CubeIDE_1.15.0/STM32CubeIDE/plugins/com.st.stm32cube.ide.mcu.externaltools.gnu-tools-for-stm32.12.3.rel1.win32_1.0.100.202403111256/tools/bin/../lib/gcc/arm-none-eabi/12.3.1/../../../../arm-none-eabi/lib/thumb/v6-m/nofp\libc_nano.a(libc_a-fwalk.o)
                              C:/ST/STM32CubeIDE_1.15.0/STM32CubeIDE/plugins/com.st.stm32cube.ide.mcu.externaltools.gnu-tools-for-stm32.12.3.rel1.win32_1.0.100.202403111256/tools/bin/../lib/gcc/arm-none-eabi/12.3.1/../../../../arm-none-eabi/lib/thumb/v6-m/nofp\libc_nano.a(libc_a-findfp.o) (_fwalk_sglue)
C:/ST/STM32CubeIDE_1.15.0/STM32CubeIDE/plugins/com.st.stm32cube.ide.mcu.externaltools.gnu-tools-for-stm32.12.3.rel1.win32_1.0.100.202403111256/tools/bin/../lib/gcc/arm-none-eabi/12.3.1/../../../../arm-none-eabi/lib/thumb/v6-m/nofp\libc_nano.a(libc_a-stdio.o)
                              C:/ST/STM32CubeIDE_1.15.0/STM32CubeIDE/plugins/com.st.stm32cube.ide.mcu.externaltools.gnu-tools-for-stm32.12.3.rel1.win32_1.0.100.202403111256/tools/bin/../lib/gcc/arm-none-eabi/12.3.1/../../../../arm-none-eabi/lib/thumb/v6-m/nofp\libc_nano.a(libc_a-findfp.o) (__sread)
C:/ST/STM32CubeIDE_1.15.0/STM32CubeIDE/plugins/com.st.stm32cube.ide.mcu.externaltools.gnu-tools-for-stm32.12.3.rel1.win32_1.0.100.202403111256/tools/bin/../lib/gcc/arm-none-eabi/12.3.1/../../../../arm-none-eabi/lib/thumb/v6-m/nofp\libc_nano.a(libc_a-memset.o)
                              C:/ST/STM32CubeIDE_1.15.0/STM32CubeIDE/plugins/com.st.stm32cube.ide.mcu.externaltools.gnu-tools-for-stm32.12.3.rel1.win32_1.0.100.202403111256/tools/bin/../lib/gcc/arm-none-eabi/12.3.1/../../../../arm-none-eabi/lib/thumb/v6-m/nofp/crt0.o (memset)
C:/ST/STM32CubeIDE_1.15.0/STM32CubeIDE/plugins/com.st.stm32cube.ide.mcu.externaltools.gnu-tools-for-stm32.12.3.rel1.win32_1.0.100.202403111256/tools/bin/../lib/gcc/arm-none-eabi/12.3.1/../../../../arm-none-eabi/lib/thumb/v6-m/nofp\libc_nano.a(libc_a-closer.o)
                              C:/ST/STM32CubeIDE_1.15.0/STM32CubeIDE/plugins/com.st.stm32cube.ide.mcu.externaltools.gnu-tools-for-stm32.12.3.rel1.win32_1.0.100.202403111256/tools/bin/../lib/gcc/arm-none-eabi/12.3.1/../../../../arm-none-eabi/lib/thumb/v6-m/nofp\libc_nano.a(libc_a-stdio.o) (_close_r)
C:/ST/STM32CubeIDE_1.15.0/STM32CubeIDE/plugins/com.st.stm32cube.ide.mcu.externaltools.gnu-tools-for-stm32.12.3.rel1.win32_1.0.100.202403111256/tools/bin/../lib/gcc/arm-none-eabi/12.3.1/../../../../arm-none-eabi/lib/thumb/v6-m/nofp\libc_nano.a(libc_a-reent.o)
                              C:/ST/STM32CubeIDE_1.15.0/STM32CubeIDE/plugins/com.st.stm32cube.ide.mcu.externaltools.gnu-tools-for-stm32.12.3.rel1.win32_1.0.100.202403111256/tools/bin/../lib/gcc/arm-none-eabi/12.3.1/../../../../arm-none-eabi/lib/thumb/v6-m/nofp\libc_nano.a(libc_a-closer.o) (errno)
C:/ST/STM32CubeIDE_1.15.0/STM32CubeIDE/plugins/com.st.stm32cube.ide.mcu.externaltools.gnu-tools-for-stm32.12.3.rel1.win32_1.0.100.202403111256/tools/bin/../lib/gcc/arm-none-eabi/12.3.1/../../../../arm-none-eabi/lib/thumb/v6-m/nofp\libc_nano.a(libc_a-impure.o)
                              C:/ST/STM32CubeIDE_1.15.0/STM32CubeIDE/plugins/com.st.stm32cube.ide.mcu.externaltools.gnu-tools-for-stm32.12.3.rel1.win32_1.0.100.202403111256/tools/bin/../lib/gcc/arm-none-eabi/12.3.1/../../../../arm-none-eabi/lib/thumb/v6-m/nofp\libc_nano.a(libc_a-reent.o) (_impure_ptr)
C:/ST/STM32CubeIDE_1.15.0/STM32CubeIDE/plugins/com.st.stm32cube.ide.mcu.externaltools.gnu-tools-for-stm32.12.3.rel1.win32_1.0.100.202403111256/tools/bin/../lib/gcc/arm-none-eabi/12.3.1/../../../../arm-none-eabi/lib/thumb/v6-m/nofp\libc_nano.a(libc_a-lseekr.o)
[...]
Memory Configuration

Name             Origin             Length             Attributes
RAM              0x20000000         0x00002000         xrw
FLASH            0x08000000         0x00010000         xr
*default*        0x00000000         0xffffffff

Linker script and memory map

LOAD C:/ST/STM32CubeIDE_1.15.0/STM32CubeIDE/plugins/com.st.stm32cube.ide.mcu.externaltools.gnu-tools-for-stm32.12.3.rel1.win32_1.0.100.202403111256/tools/bin/../lib/gcc/arm-none-eabi/12.3.1/thumb/v6-m/nofp/crti.o
LOAD C:/ST/STM32CubeIDE_1.15.0/STM32CubeIDE/plugins/com.st.stm32cube.ide.mcu.externaltools.gnu-tools-for-stm32.12.3.rel1.win32_1.0.100.202403111256/tools/bin/../lib/gcc/arm-none-eabi/12.3.1/thumb/v6-m/nofp/crtbegin.o
LOAD C:/ST/STM32CubeIDE_1.15.0/STM32CubeIDE/plugins/com.st.stm32cube.ide.mcu.externaltools.gnu-tools-for-stm32.12.3.rel1.win32_1.0.100.202403111256/tools/bin/../lib/gcc/arm-none-eabi/12.3.1/../../../../arm-none-eabi/lib/thumb/v6-m/nofp/crt0.o
LOAD ./Drivers/STM32F0xx_HAL_Driver/Src/stm32f0xx_hal.o
LOAD ./Drivers/STM32F0xx_HAL_Driver/Src/stm32f0xx_hal_cortex.o
LOAD ./Drivers/STM32F0xx_HAL_Driver/Src/stm32f0xx_hal_dma.o
LOAD ./Drivers/STM32F0xx_HAL_Driver/Src/stm32f0xx_hal_exti.o
LOAD ./Drivers/STM32F0xx_HAL_Driver/Src/stm32f0xx_hal_flash.o
LOAD ./Drivers/STM32F0xx_HAL_Driver/Src/stm32f0xx_hal_flash_ex.o
LOAD ./Drivers/STM32F0xx_HAL_Driver/Src/stm32f0xx_hal_gpio.o
LOAD ./Drivers/STM32F0xx_HAL_Driver/Src/stm32f0xx_hal_i2c.o
LOAD ./Drivers/STM32F0xx_HAL_Driver/Src/stm32f0xx_hal_i2c_ex.o
LOAD ./Drivers/STM32F0xx_HAL_Driver/Src/stm32f0xx_hal_pwr.o
LOAD ./Drivers/STM32F0xx_HAL_Driver/Src/stm32f0xx_hal_pwr_ex.o
LOAD ./Drivers/STM32F0xx_HAL_Driver/Src/stm32f0xx_hal_rcc.o
LOAD ./Drivers/STM32F0xx_HAL_Driver/Src/stm32f0xx_hal_rcc_ex.o
LOAD ./Drivers/STM32F0xx_HAL_Driver/Src/stm32f0xx_hal_tim.o
LOAD ./Drivers/STM32F0xx_HAL_Driver/Src/stm32f0xx_hal_tim_ex.o
LOAD ./Drivers/STM32F0xx_HAL_Driver/Src/stm32f0xx_hal_uart.o
LOAD ./Drivers/STM32F0xx_HAL_Driver/Src/stm32f0xx_hal_uart_ex.o
LOAD ./Drivers/STM32F0xx_HAL_Driver/Src/stm32f0xx_hal_wwdg.o
LOAD ./Drv/api_swing.o
LOAD ./Drv/encoder.o
LOAD ./Drv/inputs.o
LOAD ./Drv/outputs.o
LOAD ./Drv/position.o
LOAD ./Drv/protocolo_swing.o
LOAD ./Drv/sensor.o
LOAD ./Drv/stepmotor.o
LOAD ./Drv/task_manager.o
LOAD ./Src/dma.o
LOAD ./Src/gpio.o
LOAD ./Src/main.o
LOAD ./Src/stm32f0xx_hal_msp.o
LOAD ./Src/stm32f0xx_it.o
LOAD ./Src/syscalls.o
LOAD ./Src/sysmem.o
LOAD ./Src/system_stm32f0xx.o
LOAD ./Src/tim.o
LOAD ./Src/timing.o
LOAD ./Src/usart.o
LOAD ./Src/version.o
LOAD ./Src/wwdg.o
LOAD ./Startup/startup_stm32f030r8tx.o
START GROUP
LOAD C:/ST/STM32CubeIDE_1.15.0/STM32CubeIDE/plugins/com.st.stm32cube.ide.mcu.externaltools.gnu-tools-for-stm32.12.3.rel1.win32_1.0.100.202403111256/tools/bin/../lib/gcc/arm-none-eabi/12.3.1/../../../../arm-none-eabi/lib/thumb/v6-m/nofp\libc_nano.a
LOAD C:/ST/STM32CubeIDE_1.15.0/STM32CubeIDE/plugins/com.st.stm32cube.ide.mcu.externaltools.gnu-tools-for-stm32.12.3.rel1.win32_1.0.100.202403111256/tools/bin/../lib/gcc/arm-none-eabi/12.3.1/../../../../arm-none-eabi/lib/thumb/v6-m/nofp\libm.a
END GROUP
START GROUP
LOAD C:/ST/STM32CubeIDE_1.15.0/STM32CubeIDE/plugins/com.st.stm32cube.ide.mcu.externaltools.gnu-tools-for-stm32.12.3.rel1.win32_1.0.100.202403111256/tools/bin/../lib/gcc/arm-none-eabi/12.3.1/thumb/v6-m/nofp\libgcc.a
LOAD C:/ST/STM32CubeIDE_1.15.0/STM32CubeIDE/plugins/com.st.stm32cube.ide.mcu.externaltools.gnu-tools-for-stm32.12.3.rel1.win32_1.0.100.202403111256/tools/bin/../lib/gcc/arm-none-eabi/12.3.1/../../../../arm-none-eabi/lib/thumb/v6-m/nofp\libc_nano.a
END GROUP
START GROUP
LOAD C:/ST/STM32CubeIDE_1.15.0/STM32CubeIDE/plugins/com.st.stm32cube.ide.mcu.externaltools.gnu-tools-for-stm32.12.3.rel1.win32_1.0.100.202403111256/tools/bin/../lib/gcc/arm-none-eabi/12.3.1/thumb/v6-m/nofp\libgcc.a
LOAD C:/ST/STM32CubeIDE_1.15.0/STM32CubeIDE/plugins/com.st.stm32cube.ide.mcu.externaltools.gnu-tools-for-stm32.12.3.rel1.win32_1.0.100.202403111256/tools/bin/../lib/gcc/arm-none-eabi/12.3.1/../../../../arm-none-eabi/lib/thumb/v6-m/nofp\libc_nano.a
LOAD C:/ST/STM32CubeIDE_1.15.0/STM32CubeIDE/plugins/com.st.stm32cube.ide.mcu.externaltools.gnu-tools-for-stm32.12.3.rel1.win32_1.0.100.202403111256/tools/bin/../lib/gcc/arm-none-eabi/12.3.1/../../../../arm-none-eabi/lib/thumb/v6-m/nofp\libnosys.a
END GROUP
START GROUP
LOAD C:/ST/STM32CubeIDE_1.15.0/STM32CubeIDE/plugins/com.st.stm32cube.ide.mcu.externaltools.gnu-tools-for-stm32.12.3.rel1.win32_1.0.100.202403111256/tools/bin/../lib/gcc/arm-none-eabi/12.3.1/thumb/v6-m/nofp\libgcc.a
LOAD C:/ST/STM32CubeIDE_1.15.0/STM32CubeIDE/plugins/com.st.stm32cube.ide.mcu.externaltools.gnu-tools-for-stm32.12.3.rel1.win32_1.0.100.202403111256/tools/bin/../lib/gcc/arm-none-eabi/12.3.1/../../../../arm-none-eabi/lib/thumb/v6-m/nofp\libc_nano.a
LOAD C:/ST/STM32CubeIDE_1.15.0/STM32CubeIDE/plugins/com.st.stm32cube.ide.mcu.externaltools.gnu-tools-for-stm32.12.3.rel1.win32_1.0.100.202403111256/tools/bin/../lib/gcc/arm-none-eabi/12.3.1/../../../../arm-none-eabi/lib/thumb/v6-m/nofp\libnosys.a
END GROUP
LOAD C:/ST/STM32CubeIDE_1.15.0/STM32CubeIDE/plugins/com.st.stm32cube.ide.mcu.externaltools.gnu-tools-for-stm32.12.3.rel1.win32_1.0.100.202403111256/tools/bin/../lib/gcc/arm-none-eabi/12.3.1/thumb/v6-m/nofp/crtend.o
LOAD C:/ST/STM32CubeIDE_1.15.0/STM32CubeIDE/plugins/com.st.stm32cube.ide.mcu.externaltools.gnu-tools-for-stm32.12.3.rel1.win32_1.0.100.202403111256/tools/bin/../lib/gcc/arm-none-eabi/12.3.1/thumb/v6-m/nofp/crtn.o
                0x20002000                        _estack = (ORIGIN (RAM) + LENGTH (RAM))
                0x00000200                        _Min_Heap_Size = 0x200
                0x00000400                        _Min_Stack_Size = 0x400

.isr_vector     0x08000000       0xc0
                0x08000000                        . = ALIGN (0x4)
 *(.isr_vector)
 .isr_vector    0x08000000       0xc0 ./Startup/startup_stm32f030r8tx.o
                0x08000000                g_pfnVectors
                0x080000c0                        . = ALIGN (0x4)

.text           0x080000c0     0xfc18
                0x080000c0                        . = ALIGN (0x4)
 *(.text)
 .text          0x080000c0       0x48 C:/ST/STM32CubeIDE_1.15.0/STM32CubeIDE/plugins/com.st.stm32cube.ide.mcu.externaltools.gnu-tools-for-stm32.12.3.rel1.win32_1.0.100.202403111256/tools/bin/../lib/gcc/arm-none-eabi/12.3.1/thumb/v6-m/nofp/crtbegin.o
 .text          0x08000108      0x114 C:/ST/STM32CubeIDE_1.15.0/STM32CubeIDE/plugins/com.st.stm32cube.ide.mcu.externaltools.gnu-tools-for-stm32.12.3.rel1.win32_1.0.100.202403111256/tools/bin/../lib/gcc/arm-none-eabi/12.3.1/thumb/v6-m/nofp\libgcc.a(_udivsi3.o)
                0x08000108                __aeabi_uidiv
                0x08000108                __udivsi3
                0x08000214                __aeabi_uidivmod
 .text          0x0800021c      0x1d4 C:/ST/STM32CubeIDE_1.15.0/STM32CubeIDE/plugins/com.st.stm32cube.ide.mcu.externaltools.gnu-tools-for-stm32.12.3.rel1.win32_1.0.100.202403111256/tools/bin/../lib/gcc/arm-none-eabi/12.3.1/thumb/v6-m/nofp\libgcc.a(_divsi3.o)
                0x0800021c                __divsi3
                0x0800021c                __aeabi_idiv
                0x080003e8                __aeabi_idivmod
 .text          0x080003f0        0x4 C:/ST/STM32CubeIDE_1.15.0/STM32CubeIDE/plugins/com.st.stm32cube.ide.mcu.externaltools.gnu-tools-for-stm32.12.3.rel1.win32_1.0.100.202403111256/tools/bin/../lib/gcc/arm-none-eabi/12.3.1/thumb/v6-m/nofp\libgcc.a(_dvmd_tls.o)
                0x080003f0                __aeabi_idiv0
                0x080003f0                __aeabi_ldiv0
 .text          0x080003f4       0x74 C:/ST/STM32CubeIDE_1.15.0/STM32CubeIDE/plugins/com.st.stm32cube.ide.mcu.externaltools.gnu-tools-for-stm32.12.3.rel1.win32_1.0.100.202403111256/tools/bin/../lib/gcc/arm-none-eabi/12.3.1/thumb/v6-m/nofp\libgcc.a(_arm_cmpsf2.o)
                0x080003f4                __aeabi_cfrcmple
                0x080003fc                __aeabi_cfcmpeq
                0x080003fc                __aeabi_cfcmple
                0x0800040c                __aeabi_fcmpeq
                0x08000418                __aeabi_fcmplt
                0x0800042c                __aeabi_fcmple
                0x08000440                __aeabi_fcmpgt
                0x08000454                __aeabi_fcmpge
 .text          0x08000468       0x30 C:/ST/STM32CubeIDE_1.15.0/STM32CubeIDE/plugins/com.st.stm32cube.ide.mcu.externaltools.gnu-tools-for-stm32.12.3.rel1.win32_1.0.100.202403111256/tools/bin/../lib/gcc/arm-none-eabi/12.3.1/thumb/v6-m/nofp\libgcc.a(_fixunssfsi.o)
                0x08000468                __fixunssfsi
                0x08000468                __aeabi_f2uiz
 .text          0x08000498       0x3c C:/ST/STM32CubeIDE_1.15.0/STM32CubeIDE/plugins/com.st.stm32cube.ide.mcu.externaltools.gnu-tools-for-stm32.12.3.rel1.win32_1.0.100.202403111256/tools/bin/../lib/gcc/arm-none-eabi/12.3.1/thumb/v6-m/nofp\libgcc.a(_fixunsdfsi.o)
                0x08000498                __aeabi_d2uiz
                0x08000498                __fixunsdfsi
 .text          0x080004d4      0x314 C:/ST/STM32CubeIDE_1.15.0/STM32CubeIDE/plugins/com.st.stm32cube.ide.mcu.externaltools.gnu-tools-for-stm32.12.3.rel1.win32_1.0.100.202403111256/tools/bin/../lib/gcc/arm-none-eabi/12.3.1/thumb/v6-m/nofp\libgcc.a(addsf3.o)
                0x080004d4                __aeabi_fadd
 .text          0x080007e8      0x240 C:/ST/STM32CubeIDE_1.15.0/STM32CubeIDE/plugins/com.st.stm32cube.ide.mcu.externaltools.gnu-tools-for-stm32.12.3.rel1.win32_1.0.100.202403111256/tools/bin/../lib/gcc/arm-none-eabi/12.3.1/thumb/v6-m/nofp\libgcc.a(divsf3.o)
                0x080007e8                __aeabi_fdiv
 .text          0x08000a28       0x50 C:/ST/STM32CubeIDE_1.15.0/STM32CubeIDE/plugins/com.st.stm32cube.ide.mcu.externaltools.gnu-tools-for-stm32.12.3.rel1.win32_1.0.100.202403111256/tools/bin/../lib/gcc/arm-none-eabi/12.3.1/thumb/v6-m/nofp\libgcc.a(eqsf2.o)
                0x08000a28                __eqsf2
                0x08000a28                __nesf2
 .text          0x08000a78       0xa0 C:/ST/STM32CubeIDE_1.15.0/STM32CubeIDE/plugins/com.st.stm32cube.ide.mcu.externaltools.gnu-tools-for-stm32.12.3.rel1.win32_1.0.100.202403111256/tools/bin/../lib/gcc/arm-none-eabi/12.3.1/thumb/v6-m/nofp\libgcc.a(gesf2.o)
                0x08000a78                __gesf2
                0x08000a78                __gtsf2
 .text          0x08000b18       0x9c C:/ST/STM32CubeIDE_1.15.0/STM32CubeIDE/plugins/com.st.stm32cube.ide.mcu.externaltools.gnu-tools-for-stm32.12.3.rel1.win32_1.0.100.202403111256/tools/bin/../lib/gcc/arm-none-eabi/12.3.1/thumb/v6-m/nofp\libgcc.a(lesf2.o)
                0x08000b18                __ltsf2
                0x08000b18                __lesf2
 .text          0x08000bb4      0x27c C:/ST/STM32CubeIDE_1.15.0/STM32CubeIDE/plugins/com.st.stm32cube.ide.mcu.externaltools.gnu-tools-for-stm32.12.3.rel1.win32_1.0.100.202403111256/tools/bin/../lib/gcc/arm-none-eabi/12.3.1/thumb/v6-m/nofp\libgcc.a(mulsf3.o)
                0x08000bb4                __aeabi_fmul
 .text          0x08000e30      0x348 C:/ST/STM32CubeIDE_1.15.0/STM32CubeIDE/plugins/com.st.stm32cube.ide.mcu.externaltools.gnu-tools-for-stm32.12.3.rel1.win32_1.0.100.202403111256/tools/bin/../lib/gcc/arm-none-eabi/12.3.1/thumb/v6-m/nofp\libgcc.a(subsf3.o)
                0x08000e30                __aeabi_fsub
 .text          0x08001178       0x40 C:/ST/STM32CubeIDE_1.15.0/STM32CubeIDE/plugins/com.st.stm32cube.ide.mcu.externaltools.gnu-tools-for-stm32.12.3.rel1.win32_1.0.100.202403111256/tools/bin/../lib/gcc/arm-none-eabi/12.3.1/thumb/v6-m/nofp\libgcc.a(fixsfsi.o)
                0x08001178                __aeabi_f2iz
 .text          0x080011b8       0x98 C:/ST/STM32CubeIDE_1.15.0/STM32CubeIDE/plugins/com.st.stm32cube.ide.mcu.externaltools.gnu-tools-for-stm32.12.3.rel1.win32_1.0.100.202403111256/tools/bin/../lib/gcc/arm-none-eabi/12.3.1/thumb/v6-m/nofp\libgcc.a(floatsisf.o)
                0x080011b8                __aeabi_i2f
 .text          0x08001250      0x590 C:/ST/STM32CubeIDE_1.15.0/STM32CubeIDE/plugins/com.st.stm32cube.ide.mcu.externaltools.gnu-tools-for-stm32.12.3.rel1.win32_1.0.100.202403111256/tools/bin/../lib/gcc/arm-none-eabi/12.3.1/thumb/v6-m/nofp\libgcc.a(muldf3.o)
                0x08001250                __aeabi_dmul
 .text          0x080017e0      0x738 C:/ST/STM32CubeIDE_1.15.0/STM32CubeIDE/plugins/com.st.stm32cube.ide.mcu.externaltools.gnu-tools-for-stm32.12.3.rel1.win32_1.0.100.202403111256/tools/bin/../lib/gcc/arm-none-eabi/12.3.1/thumb/v6-m/nofp\libgcc.a(subdf3.o)
                0x080017e0                __aeabi_dsub
 .text          0x08001f18       0x78 C:/ST/STM32CubeIDE_1.15.0/STM32CubeIDE/plugins/com.st.stm32cube.ide.mcu.externaltools.gnu-tools-for-stm32.12.3.rel1.win32_1.0.100.202403111256/tools/bin/../lib/gcc/arm-none-eabi/12.3.1/thumb/v6-m/nofp\libgcc.a(fixdfsi.o)
                0x08001f18                __aeabi_d2iz
 .text          0x08001f90       0x90 C:/ST/STM32CubeIDE_1.15.0/STM32CubeIDE/plugins/com.st.stm32cube.ide.mcu.externaltools.gnu-tools-for-stm32.12.3.rel1.win32_1.0.100.202403111256/tools/bin/../lib/gcc/arm-none-eabi/12.3.1/thumb/v6-m/nofp\libgcc.a(extendsfdf2.o)
                0x08001f90                __aeabi_f2d
 .text          0x08002020       0x7c C:/ST/STM32CubeIDE_1.15.0/STM32CubeIDE/plugins/com.st.stm32cube.ide.mcu.externaltools.gnu-tools-for-stm32.12.3.rel1.win32_1.0.100.202403111256/tools/bin/../lib/gcc/arm-none-eabi/12.3.1/thumb/v6-m/nofp\libgcc.a(_arm_cmpdf2.o)
                0x08002020                __aeabi_cdrcmple
                0x08002030                __aeabi_cdcmple
                0x08002030                __aeabi_cdcmpeq
                0x08002040                __aeabi_dcmpeq
                0x0800204c                __aeabi_dcmplt
                0x08002060                __aeabi_dcmple
                0x08002074                __aeabi_dcmpgt
                0x08002088                __aeabi_dcmpge
 .text          0x0800209c       0x3c C:/ST/STM32CubeIDE_1.15.0/STM32CubeIDE/plugins/com.st.stm32cube.ide.mcu.externaltools.gnu-tools-for-stm32.12.3.rel1.win32_1.0.100.202403111256/tools/bin/../lib/gcc/arm-none-eabi/12.3.1/thumb/v6-m/nofp\libgcc.a(_clzsi2.o)
                0x0800209c                __clzsi2
 .text          0x080020d8       0x88 C:/ST/STM32CubeIDE_1.15.0/STM32CubeIDE/plugins/com.st.stm32cube.ide.mcu.externaltools.gnu-tools-for-stm32.12.3.rel1.win32_1.0.100.202403111256/tools/bin/../lib/gcc/arm-none-eabi/12.3.1/thumb/v6-m/nofp\libgcc.a(eqdf2.o)
                0x080020d8                __nedf2
                0x080020d8                __eqdf2
 .text          0x08002160       0xe8 C:/ST/STM32CubeIDE_1.15.0/STM32CubeIDE/plugins/com.st.stm32cube.ide.mcu.externaltools.gnu-tools-for-stm32.12.3.rel1.win32_1.0.100.202403111256/tools/bin/../lib/gcc/arm-none-eabi/12.3.1/thumb/v6-m/nofp\libgcc.a(gedf2.o)
                0x08002160                __gedf2
                0x08002160                __gtdf2
 .text          0x08002248       0xe4 C:/ST/STM32CubeIDE_1.15.0/STM32CubeIDE/plugins/com.st.stm32cube.ide.mcu.externaltools.gnu-tools-for-stm32.12.3.rel1.win32_1.0.100.202403111256/tools/bin/../lib/gcc/arm-none-eabi/12.3.1/thumb/v6-m/nofp\libgcc.a(ledf2.o)
                0x08002248                __ledf2
                0x08002248                __ltdf2
 *(.text*)
 .text.HAL_Init
                0x0800232c       0x28 ./Drivers/STM32F0xx_HAL_Driver/Src/stm32f0xx_hal.o
                0x0800232c                HAL_Init
 .text.HAL_InitTick
                0x08002354       0x68 ./Drivers/STM32F0xx_HAL_Driver/Src/stm32f0xx_hal.o
                0x08002354                HAL_InitTick
 .text.HAL_IncTick
                0x080023bc       0x24 ./Drivers/STM32F0xx_HAL_Driver/Src/stm32f0xx_hal.o
                0x080023bc                HAL_IncTick
 .text.HAL_GetTick
                0x080023e0       0x14 ./Drivers/STM32F0xx_HAL_Driver/Src/stm32f0xx_hal.o
                0x080023e0                HAL_GetTick
 .text.__NVIC_EnableIRQ
                0x080023f4       0x34 ./Drivers/STM32F0xx_HAL_Driver/Src/stm32f0xx_hal_cortex.o
 .text.__NVIC_DisableIRQ
                0x08002428       0x44 ./Drivers/STM32F0xx_HAL_Driver/Src/stm32f0xx_hal_cortex.o
 .text.__NVIC_SetPriority
                0x0800246c       0xdc ./Drivers/STM32F0xx_HAL_Driver/Src/stm32f0xx_hal_cortex.o
 .text.__NVIC_SystemReset
                0x08002548       0x24 ./Drivers/STM32F0xx_HAL_Driver/Src/stm32f0xx_hal_cortex.o
 .text.SysTick_Config
                0x0800256c       0x48 ./Drivers/STM32F0xx_HAL_Driver/Src/stm32f0xx_hal_cortex.o
 .text.HAL_NVIC_SetPriority
                0x080025b4       0x2a ./Drivers/STM32F0xx_HAL_Driver/Src/stm32f0xx_hal_cortex.o
                0x080025b4                HAL_NVIC_SetPriority
 .text.HAL_NVIC_EnableIRQ
                0x080025de       0x20 ./Drivers/STM32F0xx_HAL_Driver/Src/stm32f0xx_hal_cortex.o
                0x080025de                HAL_NVIC_EnableIRQ
 .text.HAL_NVIC_DisableIRQ
                0x080025fe       0x20 ./Drivers/STM32F0xx_HAL_Driver/Src/stm32f0xx_hal_cortex.o
                0x080025fe                HAL_NVIC_DisableIRQ
 .text.HAL_NVIC_SystemReset
                0x0800261e        0x8 ./Drivers/STM32F0xx_HAL_Driver/Src/stm32f0xx_hal_cortex.o
                0x0800261e                HAL_NVIC_SystemReset
 .text.HAL_SYSTICK_Config
                0x08002626       0x1a ./Drivers/STM32F0xx_HAL_Driver/Src/stm32f0xx_hal_cortex.o
                0x08002626                HAL_SYSTICK_Config
 .text.HAL_DMA_Init
                0x08002640       0x90 ./Drivers/STM32F0xx_HAL_Driver/Src/stm32f0xx_hal_dma.o
                0x08002640                HAL_DMA_Init
 .text.HAL_DMA_Start_IT
                0x080026d0       0xcc ./Drivers/STM32F0xx_HAL_Driver/Src/stm32f0xx_hal_dma.o
                0x080026d0                HAL_DMA_Start_IT
 .text.HAL_DMA_Abort
                0x0800279c       0x70 ./Drivers/STM32F0xx_HAL_Driver/Src/stm32f0xx_hal_dma.o
                0x0800279c                HAL_DMA_Abort
 .text.HAL_DMA_Abort_IT
                0x0800280c       0x8a ./Drivers/STM32F0xx_HAL_Driver/Src/stm32f0xx_hal_dma.o
                0x0800280c                HAL_DMA_Abort_IT
 .text.HAL_DMA_IRQHandler
                0x08002896      0x144 ./Drivers/STM32F0xx_HAL_Driver/Src/stm32f0xx_hal_dma.o
                0x08002896                HAL_DMA_IRQHandler
 .text.DMA_SetConfig
                0x080029da       0x58 ./Drivers/STM32F0xx_HAL_Driver/Src/stm32f0xx_hal_dma.o
 *fill*         0x08002a32        0x2 
 .text.DMA_CalcBaseAndBitshift
                0x08002a34       0x38 ./Drivers/STM32F0xx_HAL_Driver/Src/stm32f0xx_hal_dma.o
 .text.HAL_GPIO_Init
                0x08002a6c      0x2e0 ./Drivers/STM32F0xx_HAL_Driver/Src/stm32f0xx_hal_gpio.o
                0x08002a6c                HAL_GPIO_Init
 .text.HAL_GPIO_DeInit
                0x08002d4c      0x1a0 ./Drivers/STM32F0xx_HAL_Driver/Src/stm32f0xx_hal_gpio.o
                0x08002d4c                HAL_GPIO_DeInit
 .text.HAL_GPIO_ReadPin
                0x08002eec       0x3a ./Drivers/STM32F0xx_HAL_Driver/Src/stm32f0xx_hal_gpio.o
                0x08002eec                HAL_GPIO_ReadPin
 *fill*         0x08002f26        0x2 
 .text.HAL_GPIO_EXTI_IRQHandler
                0x08002f28       0x38 ./Drivers/STM32F0xx_HAL_Driver/Src/stm32f0xx_hal_gpio.o
                0x08002f28                HAL_GPIO_EXTI_IRQHandler
 .text.HAL_RCC_OscConfig
                0x08002f60      0x634 ./Drivers/STM32F0xx_HAL_Driver/Src/stm32f0xx_hal_rcc.o
                0x08002f60                HAL_RCC_OscConfig
 .text.HAL_RCC_ClockConfig
                0x08003594      0x19c ./Drivers/STM32F0xx_HAL_Driver/Src/stm32f0xx_hal_rcc.o
                0x08003594                HAL_RCC_ClockConfig
 .text.HAL_RCC_GetSysClockFreq
                0x08003730       0xc8 ./Drivers/STM32F0xx_HAL_Driver/Src/stm32f0xx_hal_rcc.o
                0x08003730                HAL_RCC_GetSysClockFreq
 .text.HAL_RCC_GetHCLKFreq
                0x080037f8       0x14 ./Drivers/STM32F0xx_HAL_Driver/Src/stm32f0xx_hal_rcc.o
                0x080037f8                HAL_RCC_GetHCLKFreq
 .text.HAL_RCC_GetPCLK1Freq
                0x0800380c       0x2c ./Drivers/STM32F0xx_HAL_Driver/Src/stm32f0xx_hal_rcc.o
                0x0800380c                HAL_RCC_GetPCLK1Freq
 .text.HAL_TIM_Base_Init
                0x08003838       0xa0 ./Drivers/STM32F0xx_HAL_Driver/Src/stm32f0xx_hal_tim.o
                0x08003838                HAL_TIM_Base_Init
 .text.HAL_TIM_Base_Start_IT
                0x080038d8       0x98 ./Drivers/STM32F0xx_HAL_Driver/Src/stm32f0xx_hal_tim.o
                0x080038d8                HAL_TIM_Base_Start_IT
 .text.HAL_TIM_PWM_Init
                0x08003970       0xa0 ./Drivers/STM32F0xx_HAL_Driver/Src/stm32f0xx_hal_tim.o
                0x08003970                HAL_TIM_PWM_Init
 .text.HAL_TIM_PWM_Start
                0x08003a10      0x164 ./Drivers/STM32F0xx_HAL_Driver/Src/stm32f0xx_hal_tim.o
                0x08003a10                HAL_TIM_PWM_Start
 .text.HAL_TIM_PWM_Start_IT
                0x08003b74      0x1f4 ./Drivers/STM32F0xx_HAL_Driver/Src/stm32f0xx_hal_tim.o
                0x08003b74                HAL_TIM_PWM_Start_IT
 .text.HAL_TIM_PWM_Stop_IT
                0x08003d68      0x188 ./Drivers/STM32F0xx_HAL_Driver/Src/stm32f0xx_hal_tim.o
                0x08003d68                HAL_TIM_PWM_Stop_IT
 .text.HAL_TIM_IRQHandler
                0x08003ef0      0x22c ./Drivers/STM32F0xx_HAL_Driver/Src/stm32f0xx_hal_tim.o
                0x08003ef0                HAL_TIM_IRQHandler
 .text.HAL_TIM_PWM_ConfigChannel
                0x0800411c      0x18c ./Drivers/STM32F0xx_HAL_Driver/Src/stm32f0xx_hal_tim.o
                0x0800411c                HAL_TIM_PWM_ConfigChannel
 .text.HAL_TIM_PeriodElapsedCallback
                0x080042a8       0x10 ./Drivers/STM32F0xx_HAL_Driver/Src/stm32f0xx_hal_tim.o
                0x080042a8                HAL_TIM_PeriodElapsedCallback
 .text.HAL_TIM_OC_DelayElapsedCallback
                0x080042b8       0x10 ./Drivers/STM32F0xx_HAL_Driver/Src/stm32f0xx_hal_tim.o
                0x080042b8                HAL_TIM_OC_DelayElapsedCallback
 .text.HAL_TIM_IC_CaptureCallback
                0x080042c8       0x10 ./Drivers/STM32F0xx_HAL_Driver/Src/stm32f0xx_hal_tim.o
                0x080042c8                HAL_TIM_IC_CaptureCallback
 .text.HAL_TIM_PWM_PulseFinishedCallback
                0x080042d8       0x10 ./Drivers/STM32F0xx_HAL_Driver/Src/stm32f0xx_hal_tim.o
                0x080042d8                HAL_TIM_PWM_PulseFinishedCallback
 .text.HAL_TIM_TriggerCallback
                0x080042e8       0x10 ./Drivers/STM32F0xx_HAL_Driver/Src/stm32f0xx_hal_tim.o
                0x080042e8                HAL_TIM_TriggerCallback
 .text.TIM_Base_SetConfig
                0x080042f8       0xec ./Drivers/STM32F0xx_HAL_Driver/Src/stm32f0xx_hal_tim.o
                0x080042f8                TIM_Base_SetConfig
 .text.TIM_OC1_SetConfig
                0x080043e4      0x110 ./Drivers/STM32F0xx_HAL_Driver/Src/stm32f0xx_hal_tim.o
 .text.TIM_OC2_SetConfig
                0x080044f4      0x108 ./Drivers/STM32F0xx_HAL_Driver/Src/stm32f0xx_hal_tim.o
                0x080044f4                TIM_OC2_SetConfig
 .text.TIM_OC3_SetConfig
                0x080045fc      0x10c ./Drivers/STM32F0xx_HAL_Driver/Src/stm32f0xx_hal_tim.o
 .text.TIM_OC4_SetConfig
                0x08004708       0xd4 ./Drivers/STM32F0xx_HAL_Driver/Src/stm32f0xx_hal_tim.o
 .text.TIM_CCxChannelCmd
                0x080047dc       0x46 ./Drivers/STM32F0xx_HAL_Driver/Src/stm32f0xx_hal_tim.o
                0x080047dc                TIM_CCxChannelCmd
 *fill*         0x08004822        0x2 
 .text.HAL_TIMEx_MasterConfigSynchronization
                0x08004824       0xb0 ./Drivers/STM32F0xx_HAL_Driver/Src/stm32f0xx_hal_tim_ex.o
                0x08004824                HAL_TIMEx_MasterConfigSynchronization
 .text.HAL_TIMEx_ConfigBreakDeadTime
                0x080048d4       0xbc ./Drivers/STM32F0xx_HAL_Driver/Src/stm32f0xx_hal_tim_ex.o
                0x080048d4                HAL_TIMEx_ConfigBreakDeadTime
 .text.HAL_TIMEx_CommutCallback
                0x08004990       0x10 ./Drivers/STM32F0xx_HAL_Driver/Src/stm32f0xx_hal_tim_ex.o
                0x08004990                HAL_TIMEx_CommutCallback
 .text.HAL_TIMEx_BreakCallback
                0x080049a0       0x10 ./Drivers/STM32F0xx_HAL_Driver/Src/stm32f0xx_hal_tim_ex.o
                0x080049a0                HAL_TIMEx_BreakCallback
 .text.HAL_UART_Init
                0x080049b0       0xa8 ./Drivers/STM32F0xx_HAL_Driver/Src/stm32f0xx_hal_uart.o
                0x080049b0                HAL_UART_Init
 .text.HAL_UART_Transmit_DMA
                0x08004a58      0x144 ./Drivers/STM32F0xx_HAL_Driver/Src/stm32f0xx_hal_uart.o
                0x08004a58                HAL_UART_Transmit_DMA
 .text.HAL_UART_Receive_DMA
                0x08004b9c       0xc2 ./Drivers/STM32F0xx_HAL_Driver/Src/stm32f0xx_hal_uart.o
                0x08004b9c                HAL_UART_Receive_DMA
 *fill*         0x08004c5e        0x2 
 .text.HAL_UART_IRQHandler
                0x08004c60      0x580 ./Drivers/STM32F0xx_HAL_Driver/Src/stm32f0xx_hal_uart.o
                0x08004c60                HAL_UART_IRQHandler
 .text.HAL_UART_TxHalfCpltCallback
                0x080051e0       0x10 ./Drivers/STM32F0xx_HAL_Driver/Src/stm32f0xx_hal_uart.o
                0x080051e0                HAL_UART_TxHalfCpltCallback
 .text.HAL_UART_RxHalfCpltCallback
                0x080051f0       0x10 ./Drivers/STM32F0xx_HAL_Driver/Src/stm32f0xx_hal_uart.o
                0x080051f0                HAL_UART_RxHalfCpltCallback
 .text.HAL_UART_ErrorCallback
                0x08005200       0x10 ./Drivers/STM32F0xx_HAL_Driver/Src/stm32f0xx_hal_uart.o
                0x08005200                HAL_UART_ErrorCallback
 .text.HAL_UARTEx_RxEventCallback
                0x08005210       0x16 ./Drivers/STM32F0xx_HAL_Driver/Src/stm32f0xx_hal_uart.o
                0x08005210                HAL_UARTEx_RxEventCallback
 *fill*         0x08005226        0x2 
 .text.UART_SetConfig
                0x08005228      0x280 ./Drivers/STM32F0xx_HAL_Driver/Src/stm32f0xx_hal_uart.o
                0x08005228                UART_SetConfig
 .text.UART_AdvFeatureConfig
                0x080054a8      0x168 ./Drivers/STM32F0xx_HAL_Driver/Src/stm32f0xx_hal_uart.o
                0x080054a8                UART_AdvFeatureConfig
 .text.UART_CheckIdleState
                0x08005610       0x90 ./Drivers/STM32F0xx_HAL_Driver/Src/stm32f0xx_hal_uart.o
                0x08005610                UART_CheckIdleState
 .text.UART_WaitOnFlagUntilTimeout
                0x080056a0      0x188 ./Drivers/STM32F0xx_HAL_Driver/Src/stm32f0xx_hal_uart.o
                0x080056a0                UART_WaitOnFlagUntilTimeout
 .text.UART_Start_Receive_DMA
                0x08005828      0x144 ./Drivers/STM32F0xx_HAL_Driver/Src/stm32f0xx_hal_uart.o
                0x08005828                UART_Start_Receive_DMA
 .text.UART_EndTxTransfer
                0x0800596c       0x48 ./Drivers/STM32F0xx_HAL_Driver/Src/stm32f0xx_hal_uart.o
 .text.UART_EndRxTransfer
                0x080059b4       0xc4 ./Drivers/STM32F0xx_HAL_Driver/Src/stm32f0xx_hal_uart.o
 .text.UART_DMATransmitCplt
                0x08005a78       0x94 ./Drivers/STM32F0xx_HAL_Driver/Src/stm32f0xx_hal_uart.o
 .text.UART_DMATxHalfCplt
                0x08005b0c       0x1e ./Drivers/STM32F0xx_HAL_Driver/Src/stm32f0xx_hal_uart.o
 *fill*         0x08005b2a        0x2 
 .text.UART_DMAReceiveCplt
                0x08005b2c      0x124 ./Drivers/STM32F0xx_HAL_Driver/Src/stm32f0xx_hal_uart.o
 .text.UART_DMARxHalfCplt
                0x08005c50       0x3c ./Drivers/STM32F0xx_HAL_Driver/Src/stm32f0xx_hal_uart.o
 .text.UART_DMAError
                0x08005c8c       0x82 ./Drivers/STM32F0xx_HAL_Driver/Src/stm32f0xx_hal_uart.o
 .text.UART_DMAAbortOnError
                0x08005d0e       0x2e ./Drivers/STM32F0xx_HAL_Driver/Src/stm32f0xx_hal_uart.o
 .text.UART_EndTransmit_IT
                0x08005d3c       0x56 ./Drivers/STM32F0xx_HAL_Driver/Src/stm32f0xx_hal_uart.o
 *fill*         0x08005d92        0x2 
 .text.setBurlaArmisHc
                0x08005d94       0x14 ./Drv/api_swing.o
                0x08005d94                setBurlaArmisHc
 .text.clrBurlaArmisHc
                0x08005da8       0x1c ./Drv/api_swing.o
                0x08005da8                clrBurlaArmisHc
 .text.getBurlaArmisHc
                0x08005dc4       0x14 ./Drv/api_swing.o
                0x08005dc4                getBurlaArmisHc
 .text.Api_Swing_Rx_CallBack
                0x08005dd8       0x38 ./Drv/api_swing.o
                0x08005dd8                Api_Swing_Rx_CallBack
 .text.Protocolo_Flag_Get
                0x08005e10       0x24 ./Drv/api_swing.o
                0x08005e10                Protocolo_Flag_Get
 .text._Api_Swing_RenewTimeoutCamera
                0x08005e34       0x20 ./Drv/api_swing.o
 .text._api_swing_task_searchHome
                0x08005e54      0x208 ./Drv/api_swing.o
 .text._Api_Swing_task_Home
                0x0800605c      0x184 ./Drv/api_swing.o
 .text._Api_Swing_task_Trata_Packet
                0x080061e0      0x45c ./Drv/api_swing.o
 .text._api_swing_task_mode_pc
                0x0800663c      0x51c ./Drv/api_swing.o
 .text._api_swing_task_mode_na
                0x08006b58      0x4f4 ./Drv/api_swing.o
 .text._api_swing_task_mode_nf
                0x0800704c      0x648 ./Drv/api_swing.o
 .text.Api_Swing_Init
                0x08007694       0x70 ./Drv/api_swing.o
                0x08007694                Api_Swing_Init
 .text.Api_Swing_alarm
                0x08007704       0x24 ./Drv/api_swing.o
                0x08007704                Api_Swing_alarm
 .text.Api_Swing_alarm_task
                0x08007728       0x52 ./Drv/api_swing.o
                0x08007728                Api_Swing_alarm_task
 .text.Api_Swing_Task_Alarme
                0x0800777a        0xe ./Drv/api_swing.o
                0x0800777a                Api_Swing_Task_Alarme
 .text._Api_SwingUrna_task
                0x08007788       0xf8 ./Drv/api_swing.o
 .text.Api_Swing_get_sensor
                0x08007880       0x8a ./Drv/api_swing.o
                0x08007880                Api_Swing_get_sensor
 *fill*         0x0800790a        0x2 
 .text._encdisk_func_get_pos
                0x0800790c       0xc0 ./Drv/encoder.o
                0x0800790c                _encdisk_func_get_pos
 .text._encdisk_func_inc_buffindex
                0x080079cc       0x7c ./Drv/encoder.o
                0x080079cc                _encdisk_func_inc_buffindex
 .text._encdisk_func_break_clear
                0x08007a48       0x7c ./Drv/encoder.o
                0x08007a48                _encdisk_func_break_clear
 .text._encdisk_func_break_get
                0x08007ac4       0x2c ./Drv/encoder.o
                0x08007ac4                _encdisk_func_break_get
 .text._enc_stop_mode
                0x08007af0       0x40 ./Drv/encoder.o
                0x08007af0                _enc_stop_mode
 .text._enc_task
                0x08007b30      0x310 ./Drv/encoder.o
 .text._encdisk_task
                0x08007e40      0x5a4 ./Drv/encoder.o
 .text._encmt_task_init
                0x080083e4       0xd8 ./Drv/encoder.o
 .text._encmt_task_idle
                0x080084bc      0x130 ./Drv/encoder.o
 .text._encmt_task_move_to_stop
                0x080085ec      0x174 ./Drv/encoder.o
 .text._encmt_task_move
                0x08008760      0x7b8 ./Drv/encoder.o
 .text._encmt_task_cali
                0x08008f18      0x908 ./Drv/encoder.o
 .text._EncMt_TASK
                0x08009820       0x20 ./Drv/encoder.o
                0x08009820                _EncMt_TASK
 .text.Encoder_Init
                0x08009840       0xc4 ./Drv/encoder.o
                0x08009840                Encoder_Init
 .text.Encoder_Refresh_IT
                0x08009904      0x5e0 ./Drv/encoder.o
                0x08009904                Encoder_Refresh_IT
 .text.Encoder_Position_IT
                0x08009ee4       0x70 ./Drv/encoder.o
                0x08009ee4                Encoder_Position_IT
 .text.Encoder_Cali_Get
                0x08009f54       0x30 ./Drv/encoder.o
                0x08009f54                Encoder_Cali_Get
 .text.Encoder_Cali_Set
                0x08009f84       0x7c ./Drv/encoder.o
                0x08009f84                Encoder_Cali_Set
 .text.Encoder_Move_Set
                0x0800a000      0x198 ./Drv/encoder.o
                0x0800a000                Encoder_Move_Set
 .text.Encoder_Move_Get
                0x0800a198       0x54 ./Drv/encoder.o
                0x0800a198                Encoder_Move_Get
 .text.Encoder_Stat
                0x0800a1ec       0x28 ./Drv/encoder.o
                0x0800a1ec                Encoder_Stat
 .text.inputs_get
                0x0800a214       0xdc ./Drv/inputs.o
                0x0800a214                inputs_get
 .text.inputs_motor_get
                0x0800a2f0       0x78 ./Drv/inputs.o
                0x0800a2f0                inputs_motor_get
 .text.HAL_GPIO_EXTI_Callback
                0x0800a368       0xe4 ./Drv/inputs.o
                0x0800a368                HAL_GPIO_EXTI_Callback
 .text.Inputs_Init
                0x0800a44c       0x1c ./Drv/inputs.o
                0x0800a44c                Inputs_Init
 .text.Inputs_IT
                0x0800a468       0xe8 ./Drv/inputs.o
                0x0800a468                Inputs_IT
 .text.Inputs_Task
                0x0800a550      0x288 ./Drv/inputs.o
                0x0800a550                Inputs_Task
 .text.Inputs_Get
                0x0800a7d8       0x28 ./Drv/inputs.o
                0x0800a7d8                Inputs_Get
 .text.Inputs_Com_Get
                0x0800a800       0x14 ./Drv/inputs.o
                0x0800a800                Inputs_Com_Get
 .text.Inputs_Motor_Enc_Get
                0x0800a814       0x2c ./Drv/inputs.o
                0x0800a814                Inputs_Motor_Enc_Get
 .text.Inputs_Motor_Disc_Get
                0x0800a840       0x2c ./Drv/inputs.o
                0x0800a840                Inputs_Motor_Disc_Get
 .text.Inputs_Urn_CardDet
                0x0800a86c       0x34 ./Drv/inputs.o
                0x0800a86c                Inputs_Urn_CardDet
 .text.outputs_Buzz_Task
                0x0800a8a0      0x128 ./Drv/outputs.o
                0x0800a8a0                outputs_Buzz_Task
 .text.output_RGB_Set
                0x0800a9c8       0xb4 ./Drv/outputs.o
                0x0800a9c8                output_RGB_Set
 .text.output_RGB_ctrl
                0x0800aa7c      0x314 ./Drv/outputs.o
                0x0800aa7c                output_RGB_ctrl
 .text.outputs_RGB_IT
                0x0800ad90       0xfc ./Drv/outputs.o
                0x0800ad90                outputs_RGB_IT
 .text.outputs_RGB_Color_Table
                0x0800ae8c       0xe8 ./Drv/outputs.o
                0x0800ae8c                outputs_RGB_Color_Table
 .text.outputs_Urn_IT
                0x0800af74      0x194 ./Drv/outputs.o
                0x0800af74                outputs_Urn_IT
 .text.outputs_motor_lock_duty
                0x0800b108       0x38 ./Drv/outputs.o
                0x0800b108                outputs_motor_lock_duty
 .text.outputs_Locks_IT
                0x0800b140      0x39c ./Drv/outputs.o
                0x0800b140                outputs_Locks_IT
 .text.Outputs_Buzz_Set
                0x0800b4dc       0x8c ./Drv/outputs.o
                0x0800b4dc                Outputs_Buzz_Set
 .text.Outputs_RGB_Set
                0x0800b568      0x16c ./Drv/outputs.o
                0x0800b568                Outputs_RGB_Set
 .text.Outputs_Urn_Sol_Set
                0x0800b6d4       0x20 ./Drv/outputs.o
                0x0800b6d4                Outputs_Urn_Sol_Set
 .text.Outputs_Urn_Pic_Set
                0x0800b6f4       0x20 ./Drv/outputs.o
                0x0800b6f4                Outputs_Urn_Pic_Set
 .text.Outputs_Com_Pass
                0x0800b714       0x3c ./Drv/outputs.o
                0x0800b714                Outputs_Com_Pass
 .text.Outputs_Com_Cheat
                0x0800b750       0x3c ./Drv/outputs.o
                0x0800b750                Outputs_Com_Cheat
 .text.Outputs_Com_Cheat_Get
                0x0800b78c       0x14 ./Drv/outputs.o
                0x0800b78c                Outputs_Com_Cheat_Get
 .text.Outputs_Task_IT
                0x0800b7a0       0x16 ./Drv/outputs.o
                0x0800b7a0                Outputs_Task_IT
 .text.Outputs_Task
                0x0800b7b6        0xe ./Drv/outputs.o
                0x0800b7b6                Outputs_Task
 .text._pos_mt_task_init
                0x0800b7c4       0x6a ./Drv/position.o
 *fill*         0x0800b82e        0x2 
 .text._pos_mt_task_run
                0x0800b830      0x260 ./Drv/position.o
 .text._Pos_TASK
                0x0800ba90       0x2c ./Drv/position.o
                0x0800ba90                _Pos_TASK
 .text._pos_task_init
                0x0800babc      0x1d4 ./Drv/position.o
 .text._pos_task_mode
                0x0800bc90       0xcc ./Drv/position.o
 .text._pos_task_mode_pc
                0x0800bd5c       0x98 ./Drv/position.o
 .text._pos_task_mode_nf
                0x0800bdf4       0x98 ./Drv/position.o
 .text._pos_task_mode_na
                0x0800be8c       0x98 ./Drv/position.o
 .text.Position_Init
                0x0800bf24       0x7c ./Drv/position.o
                0x0800bf24                Position_Init
 .text.Position_Config_Motor
                0x0800bfa0       0x44 ./Drv/position.o
                0x0800bfa0                Position_Config_Motor
 .text.Position_Config_Mode
                0x0800bfe4       0xa0 ./Drv/position.o
                0x0800bfe4                Position_Config_Mode
 .text.Position_Status
                0x0800c084       0x14 ./Drv/position.o
                0x0800c084                Position_Status
 .text.Position_PC_Set
                0x0800c098       0xf0 ./Drv/position.o
                0x0800c098                Position_PC_Set
 .text.Position_NA_Entrance_Set
                0x0800c188       0x80 ./Drv/position.o
                0x0800c188                Position_NA_Entrance_Set
 .text.Position_NA_Exit_Set
                0x0800c208       0x80 ./Drv/position.o
                0x0800c208                Position_NA_Exit_Set
 .text.Position_NF_Set
                0x0800c288       0x74 ./Drv/position.o
                0x0800c288                Position_NF_Set
 .text.Package_ChecksumCalc
                0x0800c2fc       0x64 ./Drv/protocolo_swing.o
 .text.Package_Dismount
                0x0800c360       0xd0 ./Drv/protocolo_swing.o
                0x0800c360                Package_Dismount
 .text.Package_Mount
                0x0800c430      0x15c ./Drv/protocolo_swing.o
                0x0800c430                Package_Mount
 .text._sensor_get_sensor
                0x0800c58c       0x8a ./Drv/sensor.o
                0x0800c58c                _sensor_get_sensor
 *fill*         0x0800c616        0x2 
 .text._sensor_task_idle
                0x0800c618       0x34 ./Drv/sensor.o
                0x0800c618                _sensor_task_idle
 .text._sensor_task_alarm
                0x0800c64c       0xa4 ./Drv/sensor.o
                0x0800c64c                _sensor_task_alarm
 .text._sensor_task_entrance
                0x0800c6f0       0xc8 ./Drv/sensor.o
                0x0800c6f0                _sensor_task_entrance
 .text._sensor_task_exit
                0x0800c7b8       0xc8 ./Drv/sensor.o
                0x0800c7b8                _sensor_task_exit
 .text.Sensor_Init
                0x0800c880       0x20 ./Drv/sensor.o
                0x0800c880                Sensor_Init
 .text.Sensor_Get
                0x0800c8a0       0x14 ./Drv/sensor.o
                0x0800c8a0                Sensor_Get
 .text.Sensor_Set
                0x0800c8b4       0x84 ./Drv/sensor.o
                0x0800c8b4                Sensor_Set
 .text._stpmt_func_motor_stop
                0x0800c938       0x1e ./Drv/stepmotor.o
                0x0800c938                _stpmt_func_motor_stop
 *fill*         0x0800c956        0x2 
 .text._stpmt_func_motor_start
                0x0800c958       0x38 ./Drv/stepmotor.o
                0x0800c958                _stpmt_func_motor_start
 .text._stpmt_func_motor_set
                0x0800c990       0x2a ./Drv/stepmotor.o
                0x0800c990                _stpmt_func_motor_set
 *fill*         0x0800c9ba        0x2 
 .text._stpmt_func_motor_move
                0x0800c9bc      0x364 ./Drv/stepmotor.o
                0x0800c9bc                _stpmt_func_motor_move
 .text._stpmt_task_ctrl
                0x0800cd20      0x24c ./Drv/stepmotor.o
 .text._stpmt_TASK
                0x0800cf6c       0x20 ./Drv/stepmotor.o
 .text.StepMotor_IT
                0x0800cf8c      0x480 ./Drv/stepmotor.o
                0x0800cf8c                StepMotor_IT
 .text.StepMotor_Init
                0x0800d40c       0x8c ./Drv/stepmotor.o
                0x0800d40c                StepMotor_Init
 .text.StepMotor_GetSts
                0x0800d498       0x2c ./Drv/stepmotor.o
                0x0800d498                StepMotor_GetSts
 .text.StepMotor_GO
                0x0800d4c4       0xf8 ./Drv/stepmotor.o
                0x0800d4c4                StepMotor_GO
 .text.StepMotor_STOP
                0x0800d5bc       0x30 ./Drv/stepmotor.o
                0x0800d5bc                StepMotor_STOP
 .text.StepMotor_POWER
                0x0800d5ec       0x34 ./Drv/stepmotor.o
                0x0800d5ec                StepMotor_POWER
 .text.StepMotor_GetStepEnc
                0x0800d620       0x38 ./Drv/stepmotor.o
                0x0800d620                StepMotor_GetStepEnc
 .text.StepMotor_GetStepPos
                0x0800d658       0x40 ./Drv/stepmotor.o
                0x0800d658                StepMotor_GetStepPos
 .text.TaskManager
                0x0800d698       0x5c ./Drv/task_manager.o
                0x0800d698                TaskManager
 .text.TaskManager_Go
                0x0800d6f4       0x30 ./Drv/task_manager.o
                0x0800d6f4                TaskManager_Go
 .text.TaskManager_Clear
                0x0800d724       0x6c ./Drv/task_manager.o
                0x0800d724                TaskManager_Clear
 .text.TaskManager_Set
                0x0800d790       0x38 ./Drv/task_manager.o
                0x0800d790                TaskManager_Set
 .text.TaskManager_First_Set
                0x0800d7c8       0x94 ./Drv/task_manager.o
                0x0800d7c8                TaskManager_First_Set
 .text.TaskManager_First_Get
                0x0800d85c       0x44 ./Drv/task_manager.o
                0x0800d85c                TaskManager_First_Get
 .text.TaskManager_Step_Set
                0x0800d8a0       0x54 ./Drv/task_manager.o
                0x0800d8a0                TaskManager_Step_Set
 .text.TaskManager_Step_Get
                0x0800d8f4       0x48 ./Drv/task_manager.o
                0x0800d8f4                TaskManager_Step_Get
 .text.TaskManager_Step_Inc
                0x0800d93c       0x64 ./Drv/task_manager.o
                0x0800d93c                TaskManager_Step_Inc
 .text.MX_DMA_Init
                0x0800d9a0       0x3c ./Src/dma.o
                0x0800d9a0                MX_DMA_Init
 .text.GPIO_Init_RS485
                0x0800d9dc       0xe4 ./Src/gpio.o
                0x0800d9dc                GPIO_Init_RS485
 .text.GPIO_Init_Buzzer
                0x0800dac0       0x74 ./Src/gpio.o
                0x0800dac0                GPIO_Init_Buzzer
 .text.GPIO_Init_Disp_Led
                0x0800db34       0x74 ./Src/gpio.o
                0x0800db34                GPIO_Init_Disp_Led
 .text.GPIO_Init_PictoInOut_Part1
                0x0800dba8       0xc8 ./Src/gpio.o
                0x0800dba8                GPIO_Init_PictoInOut_Part1
 .text.GPIO_Init_PictoInOut_Part2
                0x0800dc70      0x158 ./Src/gpio.o
                0x0800dc70                GPIO_Init_PictoInOut_Part2
 .text.GPIO_Init_Urn_Sol
                0x0800ddc8       0x78 ./Src/gpio.o
                0x0800ddc8                GPIO_Init_Urn_Sol
 .text.GPIO_Init_Motors
                0x0800de40      0x164 ./Src/gpio.o
                0x0800de40                GPIO_Init_Motors
 .text.GPIO_Init_Urn
                0x0800dfa4       0xc4 ./Src/gpio.o
                0x0800dfa4                GPIO_Init_Urn
 .text.GPIO_Init_Sensor
                0x0800e068      0x10c ./Src/gpio.o
                0x0800e068                GPIO_Init_Sensor
 .text.GPIO_Init_PicA
                0x0800e174       0xf4 ./Src/gpio.o
                0x0800e174                GPIO_Init_PicA
 .text.GPIO_Init_ComIo
                0x0800e268      0x108 ./Src/gpio.o
                0x0800e268                GPIO_Init_ComIo
 .text.GPIO_Init_Hmi
                0x0800e370      0x348 ./Src/gpio.o
                0x0800e370                GPIO_Init_Hmi
 .text.GPIO_Init_Motor_Locks
                0x0800e6b8      0x214 ./Src/gpio.o
                0x0800e6b8                GPIO_Init_Motor_Locks
 .text.GPIO_Init_Motor1_Lock1
                0x0800e8cc       0x78 ./Src/gpio.o
                0x0800e8cc                GPIO_Init_Motor1_Lock1
 .text.GPIO_Init_All
                0x0800e944       0xec ./Src/gpio.o
                0x0800e944                GPIO_Init_All
 .text.main     0x0800ea30       0x60 ./Src/main.o
                0x0800ea30                main
 .text.SystemClock_Config
                0x0800ea90       0x94 ./Src/main.o
                0x0800ea90                SystemClock_Config
 .text.Error_Handler
                0x0800eb24        0xa ./Src/main.o
                0x0800eb24                Error_Handler
 *fill*         0x0800eb2e        0x2 
 .text.HAL_MspInit
                0x0800eb30       0x48 ./Src/stm32f0xx_hal_msp.o
                0x0800eb30                HAL_MspInit
 .text.HAL_TIM_PWM_MspInit
                0x0800eb78       0xe0 ./Src/stm32f0xx_hal_msp.o
                0x0800eb78                HAL_TIM_PWM_MspInit
 .text.HAL_TIM_Base_MspInit
                0x0800ec58       0xc0 ./Src/stm32f0xx_hal_msp.o
                0x0800ec58                HAL_TIM_Base_MspInit
 .text.HAL_TIM_MspPostInit
                0x0800ed18      0x154 ./Src/stm32f0xx_hal_msp.o
                0x0800ed18                HAL_TIM_MspPostInit
 .text.USART2_IRQHandler
                0x0800ee6c       0x18 ./Src/stm32f0xx_it.o
                0x0800ee6c                USART2_IRQHandler
 .text.TIM6_IRQHandler
                0x0800ee84       0x20 ./Src/stm32f0xx_it.o
                0x0800ee84                TIM6_IRQHandler
 .text.TIM15_IRQHandler
                0x0800eea4       0x1c ./Src/stm32f0xx_it.o
                0x0800eea4                TIM15_IRQHandler
 .text.TIM16_IRQHandler
                0x0800eec0       0x1c ./Src/stm32f0xx_it.o
                0x0800eec0                TIM16_IRQHandler
 .text.EXTI0_1_IRQHandler
                0x0800eedc       0x10 ./Src/stm32f0xx_it.o
                0x0800eedc                EXTI0_1_IRQHandler
 .text.EXTI2_3_IRQHandler
                0x0800eeec       0x10 ./Src/stm32f0xx_it.o
                0x0800eeec                EXTI2_3_IRQHandler
 .text.EXTI4_15_IRQHandler
                0x0800eefc       0x1c ./Src/stm32f0xx_it.o
                0x0800eefc                EXTI4_15_IRQHandler
 .text.NMI_Handler
                0x0800ef18        0xa ./Src/stm32f0xx_it.o
                0x0800ef18                NMI_Handler
 .text.HardFault_Handler
                0x0800ef22        0xe ./Src/stm32f0xx_it.o
                0x0800ef22                HardFault_Handler
 .text.SVC_Handler
                0x0800ef30        0xa ./Src/stm32f0xx_it.o
                0x0800ef30                SVC_Handler
 .text.PendSV_Handler
                0x0800ef3a        0xa ./Src/stm32f0xx_it.o
                0x0800ef3a                PendSV_Handler
 .text.SysTick_Handler
                0x0800ef44        0xe ./Src/stm32f0xx_it.o
                0x0800ef44                SysTick_Handler
 *fill*         0x0800ef52        0x2 
 .text.DMA1_Channel4_5_IRQHandler
                0x0800ef54       0x24 ./Src/stm32f0xx_it.o
                0x0800ef54                DMA1_Channel4_5_IRQHandler
 .text.SystemInit
                0x0800ef78        0xa ./Src/system_stm32f0xx.o
                0x0800ef78                SystemInit
 *fill*         0x0800ef82        0x2 
 .text.TIM_1_Init
                0x0800ef84      0x1b8 ./Src/tim.o
                0x0800ef84                TIM_1_Init
 .text.TIM_3_Init
                0x0800f13c      0x144 ./Src/tim.o
                0x0800f13c                TIM_3_Init
 .text.TIM_6_Init
                0x0800f280       0x68 ./Src/tim.o
                0x0800f280                TIM_6_Init
 .text.TIM_14_Init
                0x0800f2e8       0xb0 ./Src/tim.o
                0x0800f2e8                TIM_14_Init
 .text.TIM_15_Init
                0x0800f398      0x130 ./Src/tim.o
                0x0800f398                TIM_15_Init
 .text.TIM_16_Init
                0x0800f4c8      0x130 ./Src/tim.o
                0x0800f4c8                TIM_16_Init
 .text.TIM_17_Init
                0x0800f5f8      0x118 ./Src/tim.o
                0x0800f5f8                TIM_17_Init
 .text.TIM_Init_All
                0x0800f710       0x26 ./Src/tim.o
                0x0800f710                TIM_Init_All
 *fill*         0x0800f736        0x2 
 .text.TIM_STPMT_STOP
                0x0800f738       0x70 ./Src/tim.o
                0x0800f738                TIM_STPMT_STOP
 .text.TIM_STPMT_START
                0x0800f7a8       0x98 ./Src/tim.o
                0x0800f7a8                TIM_STPMT_START
 .text.TIM_STPMT_SET
                0x0800f840       0x54 ./Src/tim.o
                0x0800f840                TIM_STPMT_SET
 .text.Timing_IT
                0x0800f894       0x50 ./Src/timing.o
                0x0800f894                Timing_IT
 .text.Timing_Set
                0x0800f8e4       0x2c ./Src/timing.o
                0x0800f8e4                Timing_Set
 .text.Timing_Get_Bool
                0x0800f910       0x2c ./Src/timing.o
                0x0800f910                Timing_Get_Bool
 .text.Usart_Set_Rx_CallBack
                0x0800f93c       0x1c ./Src/usart.o
                0x0800f93c                Usart_Set_Rx_CallBack
 .text.Usart_Set_Tx_Buff
                0x0800f958       0x54 ./Src/usart.o
                0x0800f958                Usart_Set_Tx_Buff
 .text.HAL_UART_RxCpltCallback
                0x0800f9ac       0x58 ./Src/usart.o
                0x0800f9ac                HAL_UART_RxCpltCallback
 .text.HAL_UART_TxCpltCallback
                0x0800fa04       0x4c ./Src/usart.o
                0x0800fa04                HAL_UART_TxCpltCallback
 .text.MX_USART2_UART_Init
                0x0800fa50       0x98 ./Src/usart.o
                0x0800fa50                MX_USART2_UART_Init
 .text.HAL_UART_MspInit
                0x0800fae8      0x118 ./Src/usart.o
                0x0800fae8                HAL_UART_MspInit
 .text.Reset_Handler
                0x0800fc00       0x50 ./Startup/startup_stm32f030r8tx.o
                0x0800fc00                Reset_Handler
 .text.Default_Handler
                0x0800fc50        0x2 ./Startup/startup_stm32f030r8tx.o
                0x0800fc50                TIM1_CC_IRQHandler
                0x0800fc50                I2C1_IRQHandler
                0x0800fc50                SPI1_IRQHandler
                0x0800fc50                ADC1_IRQHandler
                0x0800fc50                I2C2_IRQHandler
                0x0800fc50                TIM17_IRQHandler
                0x0800fc50                RTC_IRQHandler
                0x0800fc50                TIM3_IRQHandler
                0x0800fc50                RCC_IRQHandler
                0x0800fc50                DMA1_Channel1_IRQHandler
                0x0800fc50                Default_Handler
                0x0800fc50                TIM14_IRQHandler
                0x0800fc50                SPI2_IRQHandler
                0x0800fc50                WWDG_IRQHandler
                0x0800fc50                DMA1_Channel2_3_IRQHandler
                0x0800fc50                FLASH_IRQHandler
                0x0800fc50                USART1_IRQHandler
                0x0800fc50                TIM1_BRK_UP_TRG_COM_IRQHandler
 .text.memset   0x0800fc52       0x10 C:/ST/STM32CubeIDE_1.15.0/STM32CubeIDE/plugins/com.st.stm32cube.ide.mcu.externaltools.gnu-tools-for-stm32.12.3.rel1.win32_1.0.100.202403111256/tools/bin/../lib/gcc/arm-none-eabi/12.3.1/../../../../arm-none-eabi/lib/thumb/v6-m/nofp\libc_nano.a(libc_a-memset.o)
                0x0800fc52                memset
 *fill*         0x0800fc62        0x2 
 .text.__libc_init_array
                0x0800fc64       0x48 C:/ST/STM32CubeIDE_1.15.0/STM32CubeIDE/plugins/com.st.stm32cube.ide.mcu.externaltools.gnu-tools-for-stm32.12.3.rel1.win32_1.0.100.202403111256/tools/bin/../lib/gcc/arm-none-eabi/12.3.1/../../../../arm-none-eabi/lib/thumb/v6-m/nofp\libc_nano.a(libc_a-init.o)
                0x0800fc64                __libc_init_array
 .text.memcpy   0x0800fcac       0x12 C:/ST/STM32CubeIDE_1.15.0/STM32CubeIDE/plugins/com.st.stm32cube.ide.mcu.externaltools.gnu-tools-for-stm32.12.3.rel1.win32_1.0.100.202403111256/tools/bin/../lib/gcc/arm-none-eabi/12.3.1/../../../../arm-none-eabi/lib/thumb/v6-m/nofp\libc_nano.a(libc_a-memcpy-stub.o)
                0x0800fcac                memcpy
 *(.glue_7)
 .glue_7        0x0800fcbe        0x0 linker stubs
 *(.glue_7t)
 .glue_7t       0x0800fcbe        0x0 linker stubs
 *(.eh_frame)
 *fill*         0x0800fcbe        0x2 
 .eh_frame      0x0800fcc0        0x0 C:/ST/STM32CubeIDE_1.15.0/STM32CubeIDE/plugins/com.st.stm32cube.ide.mcu.externaltools.gnu-tools-for-stm32.12.3.rel1.win32_1.0.100.202403111256/tools/bin/../lib/gcc/arm-none-eabi/12.3.1/thumb/v6-m/nofp/crtbegin.o
 *(.init)
 .init          0x0800fcc0        0x4 C:/ST/STM32CubeIDE_1.15.0/STM32CubeIDE/plugins/com.st.stm32cube.ide.mcu.externaltools.gnu-tools-for-stm32.12.3.rel1.win32_1.0.100.202403111256/tools/bin/../lib/gcc/arm-none-eabi/12.3.1/thumb/v6-m/nofp/crti.o
                0x0800fcc0                _init
 .init          0x0800fcc4        0x8 C:/ST/STM32CubeIDE_1.15.0/STM32CubeIDE/plugins/com.st.stm32cube.ide.mcu.externaltools.gnu-tools-for-stm32.12.3.rel1.win32_1.0.100.202403111256/tools/bin/../lib/gcc/arm-none-eabi/12.3.1/thumb/v6-m/nofp/crtn.o
 *(.fini)
 .fini          0x0800fccc        0x4 C:/ST/STM32CubeIDE_1.15.0/STM32CubeIDE/plugins/com.st.stm32cube.ide.mcu.externaltools.gnu-tools-for-stm32.12.3.rel1.win32_1.0.100.202403111256/tools/bin/../lib/gcc/arm-none-eabi/12.3.1/thumb/v6-m/nofp/crti.o
                0x0800fccc                _fini
 .fini          0x0800fcd0        0x8 C:/ST/STM32CubeIDE_1.15.0/STM32CubeIDE/plugins/com.st.stm32cube.ide.mcu.externaltools.gnu-tools-for-stm32.12.3.rel1.win32_1.0.100.202403111256/tools/bin/../lib/gcc/arm-none-eabi/12.3.1/thumb/v6-m/nofp/crtn.o
                0x0800fcd8                        . = ALIGN (0x4)
                0x0800fcd8                        _etext = .

.vfp11_veneer   0x0800fcd8        0x0
 .vfp11_veneer  0x0800fcd8        0x0 linker stubs

.v4_bx          0x0800fcd8        0x0
 .v4_bx         0x0800fcd8        0x0 linker stubs

.iplt           0x0800fcd8        0x0
 .iplt          0x0800fcd8        0x0 C:/ST/STM32CubeIDE_1.15.0/STM32CubeIDE/plugins/com.st.stm32cube.ide.mcu.externaltools.gnu-tools-for-stm32.12.3.rel1.win32_1.0.100.202403111256/tools/bin/../lib/gcc/arm-none-eabi/12.3.1/thumb/v6-m/nofp/crtbegin.o

.rodata         0x0800fcd8      0x2b8
                0x0800fcd8                        . = ALIGN (0x4)
 *(.rodata)
 .rodata        0x0800fcd8       0x20 ./Drivers/STM32F0xx_HAL_Driver/Src/stm32f0xx_hal_rcc.o
 .rodata        0x0800fcf8       0x7c C:/ST/STM32CubeIDE_1.15.0/STM32CubeIDE/plugins/com.st.stm32cube.ide.mcu.externaltools.gnu-tools-for-stm32.12.3.rel1.win32_1.0.100.202403111256/tools/bin/../lib/gcc/arm-none-eabi/12.3.1/thumb/v6-m/nofp\libgcc.a(divsf3.o)
 *(.rodata*)
 .rodata._api_swing_task_searchHome
                0x0800fd74       0x20 ./Drv/api_swing.o
 .rodata._Api_Swing_task_Home
                0x0800fd94       0x1c ./Drv/api_swing.o
 .rodata._api_swing_task_mode_pc
                0x0800fdb0       0x24 ./Drv/api_swing.o
 .rodata._api_swing_task_mode_na
                0x0800fdd4       0x2c ./Drv/api_swing.o
 .rodata._api_swing_task_mode_nf
                0x0800fe00       0x30 ./Drv/api_swing.o
 .rodata.sEncMoveParam
                0x0800fe30       0x30 ./Drv/encoder.o
                0x0800fe30                sEncMoveParam
 .rodata._encmt_task_cali
                0x0800fe60       0x2c ./Drv/encoder.o
 .rodata.inDebConst
                0x0800fe8c       0x1e ./Drv/inputs.o
                0x0800fe8c                inDebConst
 *fill*         0x0800feaa        0x2 
 .rodata.inputs_get
                0x0800feac       0x3c ./Drv/inputs.o
 .rodata.outputs_Buzz_Task
                0x0800fee8       0x1c ./Drv/outputs.o
 .rodata.outputs_RGB_Color_Table
                0x0800ff04       0x20 ./Drv/outputs.o
 .rodata.outputs_Urn_IT
                0x0800ff24       0x14 ./Drv/outputs.o
 .rodata.outputs_Locks_IT
                0x0800ff38       0x14 ./Drv/outputs.o
 .rodata._pos_task_init
                0x0800ff4c       0x2c ./Drv/position.o
 .rodata.AHBPrescTable
                0x0800ff78       0x10 ./Src/system_stm32f0xx.o
                0x0800ff78                AHBPrescTable
 .rodata.APBPrescTable
                0x0800ff88        0x8 ./Src/system_stm32f0xx.o
                0x0800ff88                APBPrescTable
                0x0800ff90                        . = ALIGN (0x4)

.rel.dyn        0x0800ff90        0x0
 .rel.iplt      0x0800ff90        0x0 C:/ST/STM32CubeIDE_1.15.0/STM32CubeIDE/plugins/com.st.stm32cube.ide.mcu.externaltools.gnu-tools-for-stm32.12.3.rel1.win32_1.0.100.202403111256/tools/bin/../lib/gcc/arm-none-eabi/12.3.1/thumb/v6-m/nofp/crtbegin.o

.ARM.extab      0x0800ff90        0x0
                0x0800ff90                        . = ALIGN (0x4)
 *(.ARM.extab* .gnu.linkonce.armextab.*)
                0x0800ff90                        . = ALIGN (0x4)

.ARM            0x0800ff90        0x0
                0x0800ff90                        . = ALIGN (0x4)
                0x0800ff90                        __exidx_start = .
 *(.ARM.exidx*)
                0x0800ff90                        __exidx_end = .
                0x0800ff90                        . = ALIGN (0x4)

.preinit_array  0x0800ff90        0x0
                0x0800ff90                        . = ALIGN (0x4)
                0x0800ff90                        PROVIDE (__preinit_array_start = .)
 *(.preinit_array*)
                0x0800ff90                        PROVIDE (__preinit_array_end = .)
                0x0800ff90                        . = ALIGN (0x4)

.init_array     0x0800ff90        0x4
                0x0800ff90                        . = ALIGN (0x4)
                0x0800ff90                        PROVIDE (__init_array_start = .)
 *(SORT_BY_NAME(.init_array.*))
 *(.init_array*)
 .init_array    0x0800ff90        0x4 C:/ST/STM32CubeIDE_1.15.0/STM32CubeIDE/plugins/com.st.stm32cube.ide.mcu.externaltools.gnu-tools-for-stm32.12.3.rel1.win32_1.0.100.202403111256/tools/bin/../lib/gcc/arm-none-eabi/12.3.1/thumb/v6-m/nofp/crtbegin.o
                0x0800ff94                        PROVIDE (__init_array_end = .)
                0x0800ff94                        . = ALIGN (0x4)

.fini_array     0x0800ff94        0x4
                0x0800ff94                        . = ALIGN (0x4)
                [!provide]                        PROVIDE (__fini_array_start = .)
 *(SORT_BY_NAME(.fini_array.*))
 *(.fini_array*)
 .fini_array    0x0800ff94        0x4 C:/ST/STM32CubeIDE_1.15.0/STM32CubeIDE/plugins/com.st.stm32cube.ide.mcu.externaltools.gnu-tools-for-stm32.12.3.rel1.win32_1.0.100.202403111256/tools/bin/../lib/gcc/arm-none-eabi/12.3.1/thumb/v6-m/nofp/crtbegin.o
                [!provide]                        PROVIDE (__fini_array_end = .)
                0x0800ff98                        . = ALIGN (0x4)
                0x0800ff98                        _sidata = LOADADDR (.data)

.data           0x20000000        0xc load address 0x0800ff98
                0x20000000                        . = ALIGN (0x4)
                0x20000000                        _sdata = .
 *(.data)
 *(.data*)
 .data.uwTickPrio
                0x20000000        0x4 ./Drivers/STM32F0xx_HAL_Driver/Src/stm32f0xx_hal.o
                0x20000000                uwTickPrio
 .data.uwTickFreq
                0x20000004        0x1 ./Drivers/STM32F0xx_HAL_Driver/Src/stm32f0xx_hal.o
                0x20000004                uwTickFreq
 *fill*         0x20000005        0x3 
 .data.SystemCoreClock
                0x20000008        0x4 ./Src/system_stm32f0xx.o
                0x20000008                SystemCoreClock
                0x2000000c                        . = ALIGN (0x4)
                0x2000000c                        _edata = .

.igot.plt       0x2000000c        0x0 load address 0x0800ffa4
 .igot.plt      0x2000000c        0x0 C:/ST/STM32CubeIDE_1.15.0/STM32CubeIDE/plugins/com.st.stm32cube.ide.mcu.externaltools.gnu-tools-for-stm32.12.3.rel1.win32_1.0.100.202403111256/tools/bin/../lib/gcc/arm-none-eabi/12.3.1/thumb/v6-m/nofp/crtbegin.o
                0x2000000c                        . = ALIGN (0x4)

.bss            0x2000000c      0x97c load address 0x0800ffa4
                0x2000000c                        _sbss = .
                0x2000000c                        __bss_start__ = _sbss
 *(.bss)
 .bss           0x2000000c       0x1c C:/ST/STM32CubeIDE_1.15.0/STM32CubeIDE/plugins/com.st.stm32cube.ide.mcu.externaltools.gnu-tools-for-stm32.12.3.rel1.win32_1.0.100.202403111256/tools/bin/../lib/gcc/arm-none-eabi/12.3.1/thumb/v6-m/nofp/crtbegin.o
 *(.bss*)
 .bss.uwTick    0x20000028        0x4 ./Drivers/STM32F0xx_HAL_Driver/Src/stm32f0xx_hal.o
                0x20000028                uwTick
 .bss.sApiSwTask
                0x2000002c        0x2 ./Drv/api_swing.o
                0x2000002c                sApiSwTask
 .bss.u8ReceiveRx
                0x2000002e        0x1 ./Drv/api_swing.o
                0x2000002e                u8ReceiveRx
 *fill*         0x2000002f        0x1 
 .bss.sApiSwingCmdInfo
                0x20000030       0x28 ./Drv/api_swing.o
                0x20000030                sApiSwingCmdInfo
 .bss.sApiSwingVar
                0x20000058        0xc ./Drv/api_swing.o
                0x20000058                sApiSwingVar
 .bss.flagBurlaArmisHc
                0x20000064        0x1 ./Drv/api_swing.o
                0x20000064                flagBurlaArmisHc
 *fill*         0x20000065        0x3 
 .bss.sApiSwPcdbg
                0x20000068        0x8 ./Drv/api_swing.o
                0x20000068                sApiSwPcdbg
 .bss.eAcessoEntrada.1
                0x20000070        0x1 ./Drv/api_swing.o
 .bss.eAcessoSaida.0
                0x20000071        0x1 ./Drv/api_swing.o
 *fill*         0x20000072        0x2 
 .bss.sEncCalib
                0x20000074       0x70 ./Drv/encoder.o
                0x20000074                sEncCalib
 .bss.sEncDisk  0x200000e4       0x32 ./Drv/encoder.o
                0x200000e4                sEncDisk
 *fill*         0x20000116        0x2 
 .bss.sEncPosMap
                0x20000118       0x30 ./Drv/encoder.o
                0x20000118                sEncPosMap
 .bss.sEncBreak
                0x20000148       0x14 ./Drv/encoder.o
                0x20000148                sEncBreak
 .bss.sEncCtrl  0x2000015c       0x30 ./Drv/encoder.o
                0x2000015c                sEncCtrl
 .bss.sEncMtask
                0x2000018c        0x8 ./Drv/encoder.o
                0x2000018c                sEncMtask
 .bss.encCounterTestCalib
                0x20000194        0x4 ./Drv/encoder.o
                0x20000194                encCounterTestCalib
 .bss.encCounterTest
                0x20000198        0x4 ./Drv/encoder.o
                0x20000198                encCounterTest
 .bss.sInPin    0x2000019c       0x3c ./Drv/inputs.o
                0x2000019c                sInPin
 .bss.sInCom    0x200001d8        0x6 ./Drv/inputs.o
                0x200001d8                sInCom
 *fill*         0x200001de        0x2 
 .bss.sInMt     0x200001e0       0x12 ./Drv/inputs.o
                0x200001e0                sInMt
 *fill*         0x200001f2        0x2 
 .bss.sInUrn    0x200001f4        0x1 ./Drv/inputs.o
                0x200001f4                sInUrn
 *fill*         0x200001f5        0x3 
 .bss.sOutBuzz  0x200001f8        0x5 ./Drv/outputs.o
                0x200001f8                sOutBuzz
 *fill*         0x200001fd        0x3 
 .bss.sOutRgb   0x20000200       0x1e ./Drv/outputs.o
                0x20000200                sOutRgb
 *fill*         0x2000021e        0x2 
 .bss.sOutUrn   0x20000220        0xa ./Drv/outputs.o
                0x20000220                sOutUrn
 *fill*         0x2000022a        0x2 
 .bss.sOutLock  0x2000022c       0x14 ./Drv/outputs.o
                0x2000022c                sOutLock
 .bss.sOutCom   0x20000240        0x2 ./Drv/outputs.o
                0x20000240                sOutCom
 *fill*         0x20000242        0x2 
 .bss.sPosMtTask
                0x20000244        0x8 ./Drv/position.o
                0x20000244                sPosMtTask
 .bss.sPosConf  0x2000024c        0x4 ./Drv/position.o
                0x2000024c                sPosConf
 .bss.sPosSts   0x20000250        0x2 ./Drv/position.o
                0x20000250                sPosSts
 *fill*         0x20000252        0x2 
 .bss.sPosRun   0x20000254       0x28 ./Drv/position.o
                0x20000254                sPosRun
 .bss.sSensor   0x2000027c        0x4 ./Drv/sensor.o
                0x2000027c                sSensor
 .bss.sMtask    0x20000280        0x8 ./Drv/stepmotor.o
                0x20000280                sMtask
 .bss.sMtSys    0x20000288       0x70 ./Drv/stepmotor.o
                0x20000288                sMtSys
 .bss.sMtCtrl   0x200002f8       0x30 ./Drv/stepmotor.o
                0x200002f8                sMtCtrl
 .bss.sMtEncoder
                0x20000328       0x10 ./Drv/stepmotor.o
                0x20000328                sMtEncoder
 .bss.sTask     0x20000338      0x300 ./Drv/task_manager.o
                0x20000338                sTask
 .bss.htim1     0x20000638       0x48 ./Src/tim.o
                0x20000638                htim1
 .bss.htim3     0x20000680       0x48 ./Src/tim.o
                0x20000680                htim3
 .bss.htim6     0x200006c8       0x48 ./Src/tim.o
                0x200006c8                htim6
 .bss.htim14    0x20000710       0x48 ./Src/tim.o
                0x20000710                htim14
 .bss.htim15    0x20000758       0x48 ./Src/tim.o
                0x20000758                htim15
 .bss.htim16    0x200007a0       0x48 ./Src/tim.o
                0x200007a0                htim16
 .bss.htim17    0x200007e8       0x48 ./Src/tim.o
                0x200007e8                htim17
 .bss.Timing    0x20000830       0x2a ./Src/timing.o
                0x20000830                Timing
 *fill*         0x2000085a        0x2 
 .bss.huart2    0x2000085c       0x84 ./Src/usart.o
                0x2000085c                huart2
 .bss.hdma_usart2_rx
                0x200008e0       0x44 ./Src/usart.o
                0x200008e0                hdma_usart2_rx
 .bss.hdma_usart2_tx
                0x20000924       0x44 ./Src/usart.o
                0x20000924                hdma_usart2_tx
 .bss.rxBuffer  0x20000968        0xc ./Src/usart.o
                0x20000968                rxBuffer
 .bss.txBuffer  0x20000974        0xc ./Src/usart.o
                0x20000974                txBuffer
 .bss.callBackRx
                0x20000980        0x4 ./Src/usart.o
                0x20000980                callBackRx
 .bss.halRet    0x20000984        0x1 ./Src/usart.o
                0x20000984                halRet
 *(COMMON)
                0x20000988                        . = ALIGN (0x4)
 *fill*         0x20000985        0x3 
                0x20000988                        _ebss = .
                0x20000988                        __bss_end__ = _ebss

._user_heap_stack
                0x20000988      0x600 load address 0x0800ffa4
                0x20000988                        . = ALIGN (0x8)
                [!provide]                        PROVIDE (end = .)
                0x20000988                        PROVIDE (_end = .)
                0x20000b88                        . = (. + _Min_Heap_Size)
 *fill*         0x20000988      0x200 
                0x20000f88                        . = (. + _Min_Stack_Size)
 *fill*         0x20000b88      0x400 
                0x20000f88                        . = ALIGN (0x8)

/DISCARD/
 libc.a(*)
 libm.a(*)
 libgcc.a(*)

.ARM.attributes
                0x00000000       0x28
 *(.ARM.attributes)
 .ARM.attributes
                0x00000000       0x1e C:/ST/STM32CubeIDE_1.15.0/STM32CubeIDE/plugins/com.st.stm32cube.ide.mcu.externaltools.gnu-tools-for-stm32.12.3.rel1.win32_1.0.100.202403111256/tools/bin/../lib/gcc/arm-none-eabi/12.3.1/thumb/v6-m/nofp/crti.o
 .ARM.attributes
                0x0000001e       0x2c C:/ST/STM32CubeIDE_1.15.0/STM32CubeIDE/plugins/com.st.stm32cube.ide.mcu.externaltools.gnu-tools-for-stm32.12.3.rel1.win32_1.0.100.202403111256/tools/bin/../lib/gcc/arm-none-eabi/12.3.1/thumb/v6-m/nofp/crtbegin.o
 .ARM.attributes
                0x0000004a       0x2c ./Drivers/STM32F0xx_HAL_Driver/Src/stm32f0xx_hal.o
 .ARM.attributes
                0x00000076       0x2c ./Drivers/STM32F0xx_HAL_Driver/Src/stm32f0xx_hal_cortex.o
 .ARM.attributes
                0x000000a2       0x2c ./Drivers/STM32F0xx_HAL_Driver/Src/stm32f0xx_hal_dma.o
 .ARM.attributes
                0x000000ce       0x2c ./Drivers/STM32F0xx_HAL_Driver/Src/stm32f0xx_hal_gpio.o
 .ARM.attributes
                0x000000fa       0x2c ./Drivers/STM32F0xx_HAL_Driver/Src/stm32f0xx_hal_rcc.o
 .ARM.attributes
                0x00000126       0x2c ./Drivers/STM32F0xx_HAL_Driver/Src/stm32f0xx_hal_tim.o
 .ARM.attributes
                0x00000152       0x2c ./Drivers/STM32F0xx_HAL_Driver/Src/stm32f0xx_hal_tim_ex.o
 .ARM.attributes
                0x0000017e       0x2c ./Drivers/STM32F0xx_HAL_Driver/Src/stm32f0xx_hal_uart.o
 .ARM.attributes
                0x000001aa       0x2c ./Drv/api_swing.o
 .ARM.attributes
                0x000001d6       0x2c ./Drv/encoder.o
 .ARM.attributes
                0x00000202       0x2c ./Drv/inputs.o
 .ARM.attributes
                0x0000022e       0x2c ./Drv/outputs.o
 .ARM.attributes
                0x0000025a       0x2c ./Drv/position.o
 .ARM.attributes
                0x00000286       0x2c ./Drv/protocolo_swing.o
 .ARM.attributes
                0x000002b2       0x2c ./Drv/sensor.o
 .ARM.attributes
                0x000002de       0x2c ./Drv/stepmotor.o
 .ARM.attributes
                0x0000030a       0x2c ./Drv/task_manager.o
 .ARM.attributes
                0x00000336       0x2c ./Src/dma.o
 .ARM.attributes
                0x00000362       0x2c ./Src/gpio.o
 .ARM.attributes
                0x0000038e       0x2c ./Src/main.o
 .ARM.attributes
                0x000003ba       0x2c ./Src/stm32f0xx_hal_msp.o
 .ARM.attributes
                0x000003e6       0x2c ./Src/stm32f0xx_it.o
 .ARM.attributes
                0x00000412       0x2c ./Src/system_stm32f0xx.o
 .ARM.attributes
                0x0000043e       0x2c ./Src/tim.o
 .ARM.attributes
                0x0000046a       0x2c ./Src/timing.o
 .ARM.attributes
                0x00000496       0x2c ./Src/usart.o
 .ARM.attributes
                0x000004c2       0x21 ./Startup/startup_stm32f030r8tx.o
 .ARM.attributes
                0x000004e3       0x2c C:/ST/STM32CubeIDE_1.15.0/STM32CubeIDE/plugins/com.st.stm32cube.ide.mcu.externaltools.gnu-tools-for-stm32.12.3.rel1.win32_1.0.100.202403111256/tools/bin/../lib/gcc/arm-none-eabi/12.3.1/../../../../arm-none-eabi/lib/thumb/v6-m/nofp\libc_nano.a(libc_a-memset.o)
 .ARM.attributes
                0x0000050f       0x2c C:/ST/STM32CubeIDE_1.15.0/STM32CubeIDE/plugins/com.st.stm32cube.ide.mcu.externaltools.gnu-tools-for-stm32.12.3.rel1.win32_1.0.100.202403111256/tools/bin/../lib/gcc/arm-none-eabi/12.3.1/../../../../arm-none-eabi/lib/thumb/v6-m/nofp\libc_nano.a(libc_a-init.o)
 .ARM.attributes
                0x0000053b       0x2c C:/ST/STM32CubeIDE_1.15.0/STM32CubeIDE/plugins/com.st.stm32cube.ide.mcu.externaltools.gnu-tools-for-stm32.12.3.rel1.win32_1.0.100.202403111256/tools/bin/../lib/gcc/arm-none-eabi/12.3.1/../../../../arm-none-eabi/lib/thumb/v6-m/nofp\libc_nano.a(libc_a-memcpy-stub.o)
 .ARM.attributes
                0x00000567       0x1e C:/ST/STM32CubeIDE_1.15.0/STM32CubeIDE/plugins/com.st.stm32cube.ide.mcu.externaltools.gnu-tools-for-stm32.12.3.rel1.win32_1.0.100.202403111256/tools/bin/../lib/gcc/arm-none-eabi/12.3.1/thumb/v6-m/nofp\libgcc.a(_udivsi3.o)
 .ARM.attributes
                0x00000585       0x1e C:/ST/STM32CubeIDE_1.15.0/STM32CubeIDE/plugins/com.st.stm32cube.ide.mcu.externaltools.gnu-tools-for-stm32.12.3.rel1.win32_1.0.100.202403111256/tools/bin/../lib/gcc/arm-none-eabi/12.3.1/thumb/v6-m/nofp\libgcc.a(_divsi3.o)
 .ARM.attributes
                0x000005a3       0x1e C:/ST/STM32CubeIDE_1.15.0/STM32CubeIDE/plugins/com.st.stm32cube.ide.mcu.externaltools.gnu-tools-for-stm32.12.3.rel1.win32_1.0.100.202403111256/tools/bin/../lib/gcc/arm-none-eabi/12.3.1/thumb/v6-m/nofp\libgcc.a(_dvmd_tls.o)
 .ARM.attributes
                0x000005c1       0x1e C:/ST/STM32CubeIDE_1.15.0/STM32CubeIDE/plugins/com.st.stm32cube.ide.mcu.externaltools.gnu-tools-for-stm32.12.3.rel1.win32_1.0.100.202403111256/tools/bin/../lib/gcc/arm-none-eabi/12.3.1/thumb/v6-m/nofp\libgcc.a(_arm_cmpsf2.o)
 .ARM.attributes
                0x000005df       0x2c C:/ST/STM32CubeIDE_1.15.0/STM32CubeIDE/plugins/com.st.stm32cube.ide.mcu.externaltools.gnu-tools-for-stm32.12.3.rel1.win32_1.0.100.202403111256/tools/bin/../lib/gcc/arm-none-eabi/12.3.1/thumb/v6-m/nofp\libgcc.a(_fixunssfsi.o)
 .ARM.attributes
                0x0000060b       0x2c C:/ST/STM32CubeIDE_1.15.0/STM32CubeIDE/plugins/com.st.stm32cube.ide.mcu.externaltools.gnu-tools-for-stm32.12.3.rel1.win32_1.0.100.202403111256/tools/bin/../lib/gcc/arm-none-eabi/12.3.1/thumb/v6-m/nofp\libgcc.a(_fixunsdfsi.o)
 .ARM.attributes
                0x00000637       0x2c C:/ST/STM32CubeIDE_1.15.0/STM32CubeIDE/plugins/com.st.stm32cube.ide.mcu.externaltools.gnu-tools-for-stm32.12.3.rel1.win32_1.0.100.202403111256/tools/bin/../lib/gcc/arm-none-eabi/12.3.1/thumb/v6-m/nofp\libgcc.a(addsf3.o)
 .ARM.attributes
                0x00000663       0x2c C:/ST/STM32CubeIDE_1.15.0/STM32CubeIDE/plugins/com.st.stm32cube.ide.mcu.externaltools.gnu-tools-for-stm32.12.3.rel1.win32_1.0.100.202403111256/tools/bin/../lib/gcc/arm-none-eabi/12.3.1/thumb/v6-m/nofp\libgcc.a(divsf3.o)
 .ARM.attributes
                0x0000068f       0x2c C:/ST/STM32CubeIDE_1.15.0/STM32CubeIDE/plugins/com.st.stm32cube.ide.mcu.externaltools.gnu-tools-for-stm32.12.3.rel1.win32_1.0.100.202403111256/tools/bin/../lib/gcc/arm-none-eabi/12.3.1/thumb/v6-m/nofp\libgcc.a(eqsf2.o)
 .ARM.attributes
                0x000006bb       0x2c C:/ST/STM32CubeIDE_1.15.0/STM32CubeIDE/plugins/com.st.stm32cube.ide.mcu.externaltools.gnu-tools-for-stm32.12.3.rel1.win32_1.0.100.202403111256/tools/bin/../lib/gcc/arm-none-eabi/12.3.1/thumb/v6-m/nofp\libgcc.a(gesf2.o)
 .ARM.attributes
                0x000006e7       0x2c C:/ST/STM32CubeIDE_1.15.0/STM32CubeIDE/plugins/com.st.stm32cube.ide.mcu.externaltools.gnu-tools-for-stm32.12.3.rel1.win32_1.0.100.202403111256/tools/bin/../lib/gcc/arm-none-eabi/12.3.1/thumb/v6-m/nofp\libgcc.a(lesf2.o)
 .ARM.attributes
                0x00000713       0x2c C:/ST/STM32CubeIDE_1.15.0/STM32CubeIDE/plugins/com.st.stm32cube.ide.mcu.externaltools.gnu-tools-for-stm32.12.3.rel1.win32_1.0.100.202403111256/tools/bin/../lib/gcc/arm-none-eabi/12.3.1/thumb/v6-m/nofp\libgcc.a(mulsf3.o)
 .ARM.attributes
                0x0000073f       0x2c C:/ST/STM32CubeIDE_1.15.0/STM32CubeIDE/plugins/com.st.stm32cube.ide.mcu.externaltools.gnu-tools-for-stm32.12.3.rel1.win32_1.0.100.202403111256/tools/bin/../lib/gcc/arm-none-eabi/12.3.1/thumb/v6-m/nofp\libgcc.a(subsf3.o)
 .ARM.attributes
                0x0000076b       0x2c C:/ST/STM32CubeIDE_1.15.0/STM32CubeIDE/plugins/com.st.stm32cube.ide.mcu.externaltools.gnu-tools-for-stm32.12.3.rel1.win32_1.0.100.202403111256/tools/bin/../lib/gcc/arm-none-eabi/12.3.1/thumb/v6-m/nofp\libgcc.a(fixsfsi.o)
 .ARM.attributes
                0x00000797       0x2c C:/ST/STM32CubeIDE_1.15.0/STM32CubeIDE/plugins/com.st.stm32cube.ide.mcu.externaltools.gnu-tools-for-stm32.12.3.rel1.win32_1.0.100.202403111256/tools/bin/../lib/gcc/arm-none-eabi/12.3.1/thumb/v6-m/nofp\libgcc.a(floatsisf.o)
 .ARM.attributes
                0x000007c3       0x2c C:/ST/STM32CubeIDE_1.15.0/STM32CubeIDE/plugins/com.st.stm32cube.ide.mcu.externaltools.gnu-tools-for-stm32.12.3.rel1.win32_1.0.100.202403111256/tools/bin/../lib/gcc/arm-none-eabi/12.3.1/thumb/v6-m/nofp\libgcc.a(muldf3.o)
 .ARM.attributes
                0x000007ef       0x2c C:/ST/STM32CubeIDE_1.15.0/STM32CubeIDE/plugins/com.st.stm32cube.ide.mcu.externaltools.gnu-tools-for-stm32.12.3.rel1.win32_1.0.100.202403111256/tools/bin/../lib/gcc/arm-none-eabi/12.3.1/thumb/v6-m/nofp\libgcc.a(subdf3.o)
 .ARM.attributes
                0x0000081b       0x2c C:/ST/STM32CubeIDE_1.15.0/STM32CubeIDE/plugins/com.st.stm32cube.ide.mcu.externaltools.gnu-tools-for-stm32.12.3.rel1.win32_1.0.100.202403111256/tools/bin/../lib/gcc/arm-none-eabi/12.3.1/thumb/v6-m/nofp\libgcc.a(fixdfsi.o)
 .ARM.attributes
                0x00000847       0x2c C:/ST/STM32CubeIDE_1.15.0/STM32CubeIDE/plugins/com.st.stm32cube.ide.mcu.externaltools.gnu-tools-for-stm32.12.3.rel1.win32_1.0.100.202403111256/tools/bin/../lib/gcc/arm-none-eabi/12.3.1/thumb/v6-m/nofp\libgcc.a(extendsfdf2.o)
 .ARM.attributes
                0x00000873       0x1e C:/ST/STM32CubeIDE_1.15.0/STM32CubeIDE/plugins/com.st.stm32cube.ide.mcu.externaltools.gnu-tools-for-stm32.12.3.rel1.win32_1.0.100.202403111256/tools/bin/../lib/gcc/arm-none-eabi/12.3.1/thumb/v6-m/nofp\libgcc.a(_arm_cmpdf2.o)
 .ARM.attributes
                0x00000891       0x1e C:/ST/STM32CubeIDE_1.15.0/STM32CubeIDE/plugins/com.st.stm32cube.ide.mcu.externaltools.gnu-tools-for-stm32.12.3.rel1.win32_1.0.100.202403111256/tools/bin/../lib/gcc/arm-none-eabi/12.3.1/thumb/v6-m/nofp\libgcc.a(_clzsi2.o)
 .ARM.attributes
                0x000008af       0x2c C:/ST/STM32CubeIDE_1.15.0/STM32CubeIDE/plugins/com.st.stm32cube.ide.mcu.externaltools.gnu-tools-for-stm32.12.3.rel1.win32_1.0.100.202403111256/tools/bin/../lib/gcc/arm-none-eabi/12.3.1/thumb/v6-m/nofp\libgcc.a(eqdf2.o)
 .ARM.attributes
                0x000008db       0x2c C:/ST/STM32CubeIDE_1.15.0/STM32CubeIDE/plugins/com.st.stm32cube.ide.mcu.externaltools.gnu-tools-for-stm32.12.3.rel1.win32_1.0.100.202403111256/tools/bin/../lib/gcc/arm-none-eabi/12.3.1/thumb/v6-m/nofp\libgcc.a(gedf2.o)
 .ARM.attributes
                0x00000907       0x2c C:/ST/STM32CubeIDE_1.15.0/STM32CubeIDE/plugins/com.st.stm32cube.ide.mcu.externaltools.gnu-tools-for-stm32.12.3.rel1.win32_1.0.100.202403111256/tools/bin/../lib/gcc/arm-none-eabi/12.3.1/thumb/v6-m/nofp\libgcc.a(ledf2.o)
 .ARM.attributes
                0x00000933       0x1e C:/ST/STM32CubeIDE_1.15.0/STM32CubeIDE/plugins/com.st.stm32cube.ide.mcu.externaltools.gnu-tools-for-stm32.12.3.rel1.win32_1.0.100.202403111256/tools/bin/../lib/gcc/arm-none-eabi/12.3.1/thumb/v6-m/nofp/crtn.o
OUTPUT(CtrSwingMp_TSI.elf elf32-littlearm)
LOAD linker stubs
LOAD C:/ST/STM32CubeIDE_1.15.0/STM32CubeIDE/plugins/com.st.stm32cube.ide.mcu.externaltools.gnu-tools-for-stm32.12.3.rel1.win32_1.0.100.202403111256/tools/bin/../lib/gcc/arm-none-eabi/12.3.1/../../../../arm-none-eabi/lib/thumb/v6-m/nofp\libc.a
LOAD C:/ST/STM32CubeIDE_1.15.0/STM32CubeIDE/plugins/com.st.stm32cube.ide.mcu.externaltools.gnu-tools-for-stm32.12.3.rel1.win32_1.0.100.202403111256/tools/bin/../lib/gcc/arm-none-eabi/12.3.1/../../../../arm-none-eabi/lib/thumb/v6-m/nofp\libm.a
LOAD C:/ST/STM32CubeIDE_1.15.0/STM32CubeIDE/plugins/com.st.stm32cube.ide.mcu.externaltools.gnu-tools-for-stm32.12.3.rel1.win32_1.0.100.202403111256/tools/bin/../lib/gcc/arm-none-eabi/12.3.1/thumb/v6-m/nofp\libgcc.a

.debug_info     0x00000000    0x130f0
 .debug_info    0x00000000      0x670 ./Drivers/STM32F0xx_HAL_Driver/Src/stm32f0xx_hal.o
 .debug_info    0x00000670      0x69b ./Drivers/STM32F0xx_HAL_Driver/Src/stm32f0xx_hal_cortex.o
 .debug_info    0x00000d0b      0x700 ./Drivers/STM32F0xx_HAL_Driver/Src/stm32f0xx_hal_dma.o
 .debug_info    0x0000140b      0x5c1 ./Drivers/STM32F0xx_HAL_Driver/Src/stm32f0xx_hal_gpio.o
 .debug_info    0x000019cc      0x840 ./Drivers/STM32F0xx_HAL_Driver/Src/stm32f0xx_hal_rcc.o
 .debug_info    0x0000220c     0x28f2 ./Drivers/STM32F0xx_HAL_Driver/Src/stm32f0xx_hal_tim.o
 .debug_info    0x00004afe     0x145b ./Drivers/STM32F0xx_HAL_Driver/Src/stm32f0xx_hal_tim_ex.o
 .debug_info    0x00005f59     0x390b ./Drivers/STM32F0xx_HAL_Driver/Src/stm32f0xx_hal_uart.o
 .debug_info    0x00009864     0x11f1 ./Drv/api_swing.o
 .debug_info    0x0000aa55     0x10da ./Drv/encoder.o
 .debug_info    0x0000bb2f      0x826 ./Drv/inputs.o
 .debug_info    0x0000c355      0xf4d ./Drv/outputs.o
 .debug_info    0x0000d2a2      0x9dc ./Drv/position.o
 .debug_info    0x0000dc7e      0x200 ./Drv/protocolo_swing.o
 .debug_info    0x0000de7e      0x4f8 ./Drv/sensor.o
 .debug_info    0x0000e376      0x8d9 ./Drv/stepmotor.o
 .debug_info    0x0000ec4f      0x3f8 ./Drv/task_manager.o
 .debug_info    0x0000f047      0x279 ./Src/dma.o
 .debug_info    0x0000f2c0      0x80c ./Src/gpio.o
 .debug_info    0x0000facc      0x317 ./Src/main.o
 .debug_info    0x0000fde3      0xa99 ./Src/stm32f0xx_hal_msp.o
 .debug_info    0x0001087c      0xae3 ./Src/stm32f0xx_it.o
 .debug_info    0x0001135f      0x242 ./Src/system_stm32f0xx.o
 .debug_info    0x000115a1      0xd39 ./Src/tim.o
 .debug_info    0x000122da      0x22f ./Src/timing.o
 .debug_info    0x00012509      0xbb7 ./Src/usart.o
 .debug_info    0x000130c0       0x30 ./Startup/startup_stm32f030r8tx.o

.debug_abbrev   0x00000000     0x3562
 .debug_abbrev  0x00000000      0x24b ./Drivers/STM32F0xx_HAL_Driver/Src/stm32f0xx_hal.o
 .debug_abbrev  0x0000024b      0x28c ./Drivers/STM32F0xx_HAL_Driver/Src/stm32f0xx_hal_cortex.o
 .debug_abbrev  0x000004d7      0x1ef ./Drivers/STM32F0xx_HAL_Driver/Src/stm32f0xx_hal_dma.o
 .debug_abbrev  0x000006c6      0x1c8 ./Drivers/STM32F0xx_HAL_Driver/Src/stm32f0xx_hal_gpio.o
 .debug_abbrev  0x0000088e      0x28b ./Drivers/STM32F0xx_HAL_Driver/Src/stm32f0xx_hal_rcc.o
 .debug_abbrev  0x00000b19      0x285 ./Drivers/STM32F0xx_HAL_Driver/Src/stm32f0xx_hal_tim.o
 .debug_abbrev  0x00000d9e      0x290 ./Drivers/STM32F0xx_HAL_Driver/Src/stm32f0xx_hal_tim_ex.o
 .debug_abbrev  0x0000102e      0x2cc ./Drivers/STM32F0xx_HAL_Driver/Src/stm32f0xx_hal_uart.o
 .debug_abbrev  0x000012fa      0x301 ./Drv/api_swing.o
 .debug_abbrev  0x000015fb      0x30b ./Drv/encoder.o
 .debug_abbrev  0x00001906      0x259 ./Drv/inputs.o
 .debug_abbrev  0x00001b5f      0x22d ./Drv/outputs.o
 .debug_abbrev  0x00001d8c      0x248 ./Drv/position.o
 .debug_abbrev  0x00001fd4       0xd9 ./Drv/protocolo_swing.o
 .debug_abbrev  0x000020ad      0x1c2 ./Drv/sensor.o
 .debug_abbrev  0x0000226f      0x22b ./Drv/stepmotor.o
 .debug_abbrev  0x0000249a      0x132 ./Drv/task_manager.o
 .debug_abbrev  0x000025cc       0xfc ./Src/dma.o
 .debug_abbrev  0x000026c8      0x1f1 ./Src/gpio.o
 .debug_abbrev  0x000028b9      0x191 ./Src/main.o
 .debug_abbrev  0x00002a4a      0x1f3 ./Src/stm32f0xx_hal_msp.o
 .debug_abbrev  0x00002c3d      0x1e8 ./Src/stm32f0xx_it.o
 .debug_abbrev  0x00002e25      0x11c ./Src/system_stm32f0xx.o
 .debug_abbrev  0x00002f41      0x284 ./Src/tim.o
 .debug_abbrev  0x000031c5       0xf3 ./Src/timing.o
 .debug_abbrev  0x000032b8      0x286 ./Src/usart.o
 .debug_abbrev  0x0000353e       0x24 ./Startup/startup_stm32f030r8tx.o

.debug_aranges  0x00000000     0x1298
 .debug_aranges
                0x00000000       0xd0 ./Drivers/STM32F0xx_HAL_Driver/Src/stm32f0xx_hal.o
 .debug_aranges
                0x000000d0       0xc0 ./Drivers/STM32F0xx_HAL_Driver/Src/stm32f0xx_hal_cortex.o
 .debug_aranges
                0x00000190       0x88 ./Drivers/STM32F0xx_HAL_Driver/Src/stm32f0xx_hal_dma.o
 .debug_aranges
                0x00000218       0x58 ./Drivers/STM32F0xx_HAL_Driver/Src/stm32f0xx_hal_gpio.o
 .debug_aranges
                0x00000270       0x80 ./Drivers/STM32F0xx_HAL_Driver/Src/stm32f0xx_hal_rcc.o
 .debug_aranges
                0x000002f0      0x3d0 ./Drivers/STM32F0xx_HAL_Driver/Src/stm32f0xx_hal_tim.o
 .debug_aranges
                0x000006c0      0x168 ./Drivers/STM32F0xx_HAL_Driver/Src/stm32f0xx_hal_tim_ex.o
 .debug_aranges
                0x00000828      0x218 ./Drivers/STM32F0xx_HAL_Driver/Src/stm32f0xx_hal_uart.o
 .debug_aranges
                0x00000a40       0xa8 ./Drv/api_swing.o
 .debug_aranges
                0x00000ae8       0xd0 ./Drv/encoder.o
 .debug_aranges
                0x00000bb8       0x88 ./Drv/inputs.o
 .debug_aranges
                0x00000c40       0xe8 ./Drv/outputs.o
 .debug_aranges
                0x00000d28       0xb0 ./Drv/position.o
 .debug_aranges
                0x00000dd8       0x30 ./Drv/protocolo_swing.o
 .debug_aranges
                0x00000e08       0x60 ./Drv/sensor.o
 .debug_aranges
                0x00000e68       0x90 ./Drv/stepmotor.o
 .debug_aranges
                0x00000ef8       0x78 ./Drv/task_manager.o
 .debug_aranges
                0x00000f70       0x20 ./Src/dma.o
 .debug_aranges
                0x00000f90       0x98 ./Src/gpio.o
 .debug_aranges
                0x00001028       0x38 ./Src/main.o
 .debug_aranges
                0x00001060       0x48 ./Src/stm32f0xx_hal_msp.o
 .debug_aranges
                0x000010a8       0x80 ./Src/stm32f0xx_it.o
 .debug_aranges
                0x00001128       0x28 ./Src/system_stm32f0xx.o
 .debug_aranges
                0x00001150       0x90 ./Src/tim.o
 .debug_aranges
                0x000011e0       0x38 ./Src/timing.o
 .debug_aranges
                0x00001218       0x58 ./Src/usart.o
 .debug_aranges
                0x00001270       0x28 ./Startup/startup_stm32f030r8tx.o

.debug_rnglists
                0x00000000      0xe7b
 .debug_rnglists
                0x00000000       0x97 ./Drivers/STM32F0xx_HAL_Driver/Src/stm32f0xx_hal.o
 .debug_rnglists
                0x00000097       0x8c ./Drivers/STM32F0xx_HAL_Driver/Src/stm32f0xx_hal_cortex.o
 .debug_rnglists
                0x00000123       0x6a ./Drivers/STM32F0xx_HAL_Driver/Src/stm32f0xx_hal_dma.o
 .debug_rnglists
                0x0000018d       0x3f ./Drivers/STM32F0xx_HAL_Driver/Src/stm32f0xx_hal_gpio.o
 .debug_rnglists
                0x000001cc       0x60 ./Drivers/STM32F0xx_HAL_Driver/Src/stm32f0xx_hal_rcc.o
 .debug_rnglists
                0x0000022c      0x31c ./Drivers/STM32F0xx_HAL_Driver/Src/stm32f0xx_hal_tim.o
 .debug_rnglists
                0x00000548      0x126 ./Drivers/STM32F0xx_HAL_Driver/Src/stm32f0xx_hal_tim_ex.o
 .debug_rnglists
                0x0000066e      0x1ce ./Drivers/STM32F0xx_HAL_Driver/Src/stm32f0xx_hal_uart.o
 .debug_rnglists
                0x0000083c       0x81 ./Drv/api_swing.o
 .debug_rnglists
                0x000008bd       0xa2 ./Drv/encoder.o
 .debug_rnglists
                0x0000095f       0x65 ./Drv/inputs.o
 .debug_rnglists
                0x000009c4       0xb9 ./Drv/outputs.o
 .debug_rnglists
                0x00000a7d       0x8a ./Drv/position.o
 .debug_rnglists
                0x00000b07       0x21 ./Drv/protocolo_swing.o
 .debug_rnglists
                0x00000b28       0x48 ./Drv/sensor.o
 .debug_rnglists
                0x00000b70       0x6c ./Drv/stepmotor.o
 .debug_rnglists
                0x00000bdc       0x56 ./Drv/task_manager.o
 .debug_rnglists
                0x00000c32       0x13 ./Src/dma.o
 .debug_rnglists
                0x00000c45       0x78 ./Src/gpio.o
 .debug_rnglists
                0x00000cbd       0x27 ./Src/main.o
 .debug_rnglists
                0x00000ce4       0x36 ./Src/stm32f0xx_hal_msp.o
 .debug_rnglists
                0x00000d1a       0x5b ./Src/stm32f0xx_it.o
 .debug_rnglists
                0x00000d75       0x1a ./Src/system_stm32f0xx.o
 .debug_rnglists
                0x00000d8f       0x6f ./Src/tim.o
 .debug_rnglists
                0x00000dfe       0x25 ./Src/timing.o
 .debug_rnglists
                0x00000e23       0x3f ./Src/usart.o
 .debug_rnglists
                0x00000e62       0x19 ./Startup/startup_stm32f030r8tx.o

.debug_macro    0x00000000    0x135f4
 .debug_macro   0x00000000      0x1f0 ./Drivers/STM32F0xx_HAL_Driver/Src/stm32f0xx_hal.o
 .debug_macro   0x000001f0      0xa8a ./Drivers/STM32F0xx_HAL_Driver/Src/stm32f0xx_hal.o
 .debug_macro   0x00000c7a      0x139 ./Drivers/STM32F0xx_HAL_Driver/Src/stm32f0xx_hal.o
 .debug_macro   0x00000db3       0x2e ./Drivers/STM32F0xx_HAL_Driver/Src/stm32f0xx_hal.o
 .debug_macro   0x00000de1       0x22 ./Drivers/STM32F0xx_HAL_Driver/Src/stm32f0xx_hal.o
 .debug_macro   0x00000e03       0x22 ./Drivers/STM32F0xx_HAL_Driver/Src/stm32f0xx_hal.o
 .debug_macro   0x00000e25       0x8e ./Drivers/STM32F0xx_HAL_Driver/Src/stm32f0xx_hal.o
 .debug_macro   0x00000eb3       0x51 ./Drivers/STM32F0xx_HAL_Driver/Src/stm32f0xx_hal.o
 .debug_macro   0x00000f04      0x103 ./Drivers/STM32F0xx_HAL_Driver/Src/stm32f0xx_hal.o
 .debug_macro   0x00001007       0x6a ./Drivers/STM32F0xx_HAL_Driver/Src/stm32f0xx_hal.o
 .debug_macro   0x00001071      0x1df ./Drivers/STM32F0xx_HAL_Driver/Src/stm32f0xx_hal.o
 .debug_macro   0x00001250       0x1c ./Drivers/STM32F0xx_HAL_Driver/Src/stm32f0xx_hal.o
 .debug_macro   0x0000126c       0x22 ./Drivers/STM32F0xx_HAL_Driver/Src/stm32f0xx_hal.o
 .debug_macro   0x0000128e       0xaf ./Drivers/STM32F0xx_HAL_Driver/Src/stm32f0xx_hal.o
 .debug_macro   0x0000133d      0x391 ./Drivers/STM32F0xx_HAL_Driver/Src/stm32f0xx_hal.o
 .debug_macro   0x000016ce     0x6f40 ./Drivers/STM32F0xx_HAL_Driver/Src/stm32f0xx_hal.o
 .debug_macro   0x0000860e       0x66 ./Drivers/STM32F0xx_HAL_Driver/Src/stm32f0xx_hal.o
 .debug_macro   0x00008674     0x34a6 ./Drivers/STM32F0xx_HAL_Driver/Src/stm32f0xx_hal.o
 .debug_macro   0x0000bb1a      0x189 ./Drivers/STM32F0xx_HAL_Driver/Src/stm32f0xx_hal.o
 .debug_macro   0x0000bca3       0x55 ./Drivers/STM32F0xx_HAL_Driver/Src/stm32f0xx_hal.o
 .debug_macro   0x0000bcf8      0x924 ./Drivers/STM32F0xx_HAL_Driver/Src/stm32f0xx_hal.o
 .debug_macro   0x0000c61c      0x17f ./Drivers/STM32F0xx_HAL_Driver/Src/stm32f0xx_hal.o
 .debug_macro   0x0000c79b      0x1af ./Drivers/STM32F0xx_HAL_Driver/Src/stm32f0xx_hal.o
 .debug_macro   0x0000c94a       0xd9 ./Drivers/STM32F0xx_HAL_Driver/Src/stm32f0xx_hal.o
 .debug_macro   0x0000ca23      0x1a0 ./Drivers/STM32F0xx_HAL_Driver/Src/stm32f0xx_hal.o
 .debug_macro   0x0000cbc3      0x1ed ./Drivers/STM32F0xx_HAL_Driver/Src/stm32f0xx_hal.o
 .debug_macro   0x0000cdb0       0x34 ./Drivers/STM32F0xx_HAL_Driver/Src/stm32f0xx_hal.o
 .debug_macro   0x0000cde4       0x43 ./Drivers/STM32F0xx_HAL_Driver/Src/stm32f0xx_hal.o
 .debug_macro   0x0000ce27       0x28 ./Drivers/STM32F0xx_HAL_Driver/Src/stm32f0xx_hal.o
 .debug_macro   0x0000ce4f       0xb0 ./Drivers/STM32F0xx_HAL_Driver/Src/stm32f0xx_hal.o
 .debug_macro   0x0000ceff      0x199 ./Drivers/STM32F0xx_HAL_Driver/Src/stm32f0xx_hal.o
 .debug_macro   0x0000d098      0x22c ./Drivers/STM32F0xx_HAL_Driver/Src/stm32f0xx_hal.o
 .debug_macro   0x0000d2c4       0x61 ./Drivers/STM32F0xx_HAL_Driver/Src/stm32f0xx_hal.o
 .debug_macro   0x0000d325       0xa5 ./Drivers/STM32F0xx_HAL_Driver/Src/stm32f0xx_hal.o
 .debug_macro   0x0000d3ca       0x4c ./Drivers/STM32F0xx_HAL_Driver/Src/stm32f0xx_hal.o
 .debug_macro   0x0000d416       0x2b ./Drivers/STM32F0xx_HAL_Driver/Src/stm32f0xx_hal.o
 .debug_macro   0x0000d441      0x8d8 ./Drivers/STM32F0xx_HAL_Driver/Src/stm32f0xx_hal.o
 .debug_macro   0x0000dd19       0x28 ./Drivers/STM32F0xx_HAL_Driver/Src/stm32f0xx_hal.o
 .debug_macro   0x0000dd41      0x55f ./Drivers/STM32F0xx_HAL_Driver/Src/stm32f0xx_hal.o
 .debug_macro   0x0000e2a0       0x3e ./Drivers/STM32F0xx_HAL_Driver/Src/stm32f0xx_hal.o
 .debug_macro   0x0000e2de       0x8d ./Drivers/STM32F0xx_HAL_Driver/Src/stm32f0xx_hal.o
 .debug_macro   0x0000e36b       0xff ./Drivers/STM32F0xx_HAL_Driver/Src/stm32f0xx_hal.o
 .debug_macro   0x0000e46a      0x1cc ./Drivers/STM32F0xx_HAL_Driver/Src/stm32f0xx_hal_cortex.o
 .debug_macro   0x0000e636      0x1cc ./Drivers/STM32F0xx_HAL_Driver/Src/stm32f0xx_hal_dma.o
 .debug_macro   0x0000e802      0x1d3 ./Drivers/STM32F0xx_HAL_Driver/Src/stm32f0xx_hal_gpio.o
 .debug_macro   0x0000e9d5      0x1de ./Drivers/STM32F0xx_HAL_Driver/Src/stm32f0xx_hal_rcc.o
 .debug_macro   0x0000ebb3      0x1cd ./Drivers/STM32F0xx_HAL_Driver/Src/stm32f0xx_hal_tim.o
 .debug_macro   0x0000ed80      0x1cc ./Drivers/STM32F0xx_HAL_Driver/Src/stm32f0xx_hal_tim_ex.o
 .debug_macro   0x0000ef4c      0x1e9 ./Drivers/STM32F0xx_HAL_Driver/Src/stm32f0xx_hal_uart.o
 .debug_macro   0x0000f135      0x3fa ./Drv/api_swing.o
 .debug_macro   0x0000f52f       0x5b ./Drv/api_swing.o
 .debug_macro   0x0000f58a       0x24 ./Drv/api_swing.o
 .debug_macro   0x0000f5ae       0x94 ./Drv/api_swing.o
 .debug_macro   0x0000f642       0x43 ./Drv/api_swing.o
 .debug_macro   0x0000f685       0x34 ./Drv/api_swing.o
 .debug_macro   0x0000f6b9       0x16 ./Drv/api_swing.o
 .debug_macro   0x0000f6cf       0x43 ./Drv/api_swing.o
 .debug_macro   0x0000f712       0x57 ./Drv/api_swing.o
 .debug_macro   0x0000f769       0x34 ./Drv/api_swing.o
 .debug_macro   0x0000f79d       0x10 ./Drv/api_swing.o
 .debug_macro   0x0000f7ad       0x58 ./Drv/api_swing.o
 .debug_macro   0x0000f805       0x8e ./Drv/api_swing.o
 .debug_macro   0x0000f893       0x1c ./Drv/api_swing.o
 .debug_macro   0x0000f8af      0x177 ./Drv/api_swing.o
 .debug_macro   0x0000fa26      0x369 ./Drv/api_swing.o
 .debug_macro   0x0000fd8f       0x10 ./Drv/api_swing.o
 .debug_macro   0x0000fd9f       0x35 ./Drv/api_swing.o
 .debug_macro   0x0000fdd4       0x20 ./Drv/api_swing.o
 .debug_macro   0x0000fdf4       0x64 ./Drv/api_swing.o
 .debug_macro   0x0000fe58       0x4f ./Drv/api_swing.o
 .debug_macro   0x0000fea7      0x1b7 ./Drv/api_swing.o
 .debug_macro   0x0001005e      0x747 ./Drv/api_swing.o
 .debug_macro   0x000107a5       0x28 ./Drv/api_swing.o
 .debug_macro   0x000107cd       0x16 ./Drv/api_swing.o
 .debug_macro   0x000107e3      0x269 ./Drv/encoder.o
 .debug_macro   0x00010a4c      0x287 ./Drv/inputs.o