../Drv/api_swing.c:216:6:setBurlaArmisHc	8	static
../Drv/api_swing.c:221:6:clrBurlaArmisHc	8	static
../Drv/api_swing.c:227:6:getBurlaArmisHc	8	static
../Drv/api_swing.c:252:6:Api_Swing_Rx_CallBack	16	static
../Drv/api_swing.c:262:16:Protocolo_Flag_Get	16	static
../Drv/api_swing.c:269:13:_Api_Swing_RenewTimeoutCamera	8	static
../Drv/api_swing.c:294:13:_api_swing_task_searchHome	8	static
../Drv/api_swing.c:537:13:_Api_Swing_task_Home	8	static
../Drv/api_swing.c:672:13:_Api_Swing_task_Trata_Packet	40	static
../Drv/api_swing.c:933:13:_api_swing_task_mode_pc	24	static,ignoring_inline_asm
../Drv/api_swing.c:1213:13:_api_swing_task_mode_na	24	static
../Drv/api_swing.c:1486:13:_api_swing_task_mode_nf	24	static
../Drv/api_swing.c:1874:6:Api_Swing_Init	8	static
../Drv/api_swing.c:1898:6:Api_Swing_alarm	8	static
../Drv/api_swing.c:1910:6:Api_Swing_alarm_task	8	static
../Drv/api_swing.c:1935:6:Api_Swing_Task_Alarme	8	static
../Drv/api_swing.c:1941:13:_Api_SwingUrna_task	8	static
../Drv/api_swing.c:2016:9:Api_Swing_get_sensor	16	static
