../Drv/encoder.c:167:6:_encdisk_func_get_pos	32	static
../Drv/encoder.c:181:6:_encdisk_func_inc_buffindex	16	static
../Drv/encoder.c:191:6:_encdisk_func_break_clear	32	static
../Drv/encoder.c:201:6:_encdisk_func_break_get	16	static
../Drv/encoder.c:206:6:_enc_stop_mode	16	static
../Drv/encoder.c:223:13:_enc_task	16	static,ignoring_inline_asm
../Drv/encoder.c:333:13:_encdisk_task	24	static
../Drv/encoder.c:436:13:_encmt_task_init	32	static
../Drv/encoder.c:462:13:_encmt_task_idle	32	static
../Drv/encoder.c:503:13:_encmt_task_move_to_stop	40	static
../Drv/encoder.c:548:13:_encmt_task_move	56	static,ignoring_inline_asm
../Drv/encoder.c:707:13:_encmt_task_cali	48	static,ignoring_inline_asm
../Drv/encoder.c:886:6:_EncMt_TASK	8	static
../Drv/encoder.c:896:6:Encoder_Init	16	static,ignoring_inline_asm
../Drv/encoder.c:933:6:Encoder_Refresh_IT	40	static
../Drv/encoder.c:1058:6:Encoder_Position_IT	16	static
../Drv/encoder.c:1067:11:Encoder_Cali_Get	16	static
../Drv/encoder.c:1072:6:Encoder_Cali_Set	16	static
../Drv/encoder.c:1082:6:Encoder_Move_Set	24	static
../Drv/encoder.c:1099:7:Encoder_Move_Get	16	static
../Drv/encoder.c:1107:6:Encoder_Move_ToStop	16	static
../Drv/encoder.c:1114:6:Encoder_Stop	16	static
../Drv/encoder.c:1120:9:Encoder_Stat	16	static
