motor.c:1611:6:Motor_TASK	8	static
motor.c:216:6:motor_enc_clear	16	static
motor.c:863:6:_motor_task_Lost	8	static
motor.c:998:6:_motor_task_OpenIdle	8	static,ignoring_inline_asm
motor.c:225:6:motor_speed	24	static
motor.c:308:6:motor_SetPosition	32	static,ignoring_inline_asm
motor.c:242:6:motor_RunToPosition	8	static
motor.c:622:6:Motor_Task_IT	16	static
motor.c:799:6:motor_go	16	static
motor.c:896:6:_motor_task_CloseIdle	8	static
motor.c:935:6:_motor_task_CloseRun	8	static
motor.c:1035:6:_motor_task_OpenRun	8	static,ignoring_inline_asm
motor.c:1143:6:_motor_task_Run	16	static
motor.c:849:11:motor_go_get	0	static
motor.c:1538:6:_motor_CreateCalibrationTable	16	static
motor.c:1303:6:_motor_task_SearchHome	16	static
motor.c:1579:8:Motor_Get_Act	0	static
motor.c:1595:8:Motor_Get_Pos	0	static
motor.c:1626:6:Motor_Init	8	static
motor.c:1644:12:Motor_Get	8	static
motor.c:1660:6:Motor_SetRunPosition	8	static
motor.c:1700:6:Motor_Set	0	static
motor.c:1794:6:Motor_Mode	0	static
